Microchip MPLAB XC8 Compiler V2.00 ()

Linker command line:

-W-3 --edf=C:\Program Files (x86)\Microchip\xc8\v2.00\pic\dat\en_msgs.txt \
  -cs -h+dist/default/debug\FinalExam.X.debug.sym \
  --cmf=dist/default/debug\FinalExam.X.debug.cmf -z -Q18F4520 \
  -oC:\Users\febri\AppData\Local\Temp\s944.2 --defsym=__MPLAB_BUILD=1 \
  -Mdist/default/debug/FinalExam.X.debug.map -E1 -ver=XC8 --acfsm=1493 \
  -ASTACK=0102h-05f3h -pstack=STACK -ACODE=00h-07DBFh -ACONST=00h-07DBFh \
  -ASMALLCONST=0600h-06FFhx119,07D00h-07DBFh -AMEDIUMCONST=0600h-07DBFh \
  -ACOMRAM=01h-07Fh -AABS1=00h-05F3h -ABIGRAM=01h-05F3h \
  -ARAM=080h-0FFh,0100h-01FFhx4,0500h-05F3h -ABANK0=080h-0FFh \
  -ABANK1=0100h-01FFh -ABANK2=0200h-02FFh -ABANK3=0300h-03FFh \
  -ABANK4=0400h-04FFh -ABANK5=0500h-05F3h \
  -ASFR=0F80h-0F9Bh,0F9Dh-0FD3h,0FD5h-0FDAh,0FE0h-0FE2h,0FE8h-0FEAh,0FF0h-0FFCh \
  -preset_vec=00h,intcode=08h,intcodelo=018h,powerup,init -pramtop=0600h \
  -psmallconst=SMALLCONST -pmediumconst=MEDIUMCONST -pconst=CONST \
  -AFARRAM=00h-00h -ACONFIG=0300000h-030000Dh -pconfig=CONFIG \
  -AIDLOC=0200000h-0200007h -pidloc=IDLOC -AEEDATA=0F00000h-0F000FFh \
  -peeprom_data=EEDATA \
  -prdata=COMRAM,nvrram=COMRAM,nvbit=COMRAM,rbss=COMRAM,rbit=COMRAM \
  -pfarbss=FARRAM,fardata=FARRAM,nvFARRAM=FARRAM \
  -pintsave_regs=BIGRAM,bigbss=BIGRAM,bigdata=BIGRAM -pbss=RAM \
  -pidata=CODE,irdata=CODE,ibigdata=CODE,ifardata=CODE -prparam=COMRAM \
  C:\Users\febri\AppData\Local\Temp\s944.o \
  dist/default/debug\FinalExam.X.debug.o 

Object code version is 3.11

Machine type is 18F4520

Call graph: (short form)




                Name                               Link     Load   Length Selector   Space Scale
C:\Users\febri\AppData\Local\Temp\s944.o
                init                                222      222        4        C       0
                reset_vec                             0        0        4        0       0
                idloc                            200000   200000        8   200000       0
                config                           300000   300000        E   300000       0
dist/default/debug\FinalExam.X.debug.o
                intcodelo                            18       18      20A        C       0
                intcode                               8        8        6        4       0
                temp                                 5D       5D        1        1       1
                smallconst                          600      600       12      300       0
                text31                             1F36     1F36       EC      309       0
                text30                             255C     255C       1E      309       0
                text29                             1008     1008      46E      309       0
                text28                             1BDE     1BDE      152      309       0
                text27                             24A2     24A2       2A      309       0
                text26                             18AE     18AE      1DC      309       0
                text25                             1476     1476      258      309       0
                text24                             22CC     22CC       58      309       0
                text23                             2324     2324       56      309       0
                text22                             1E3A     1E3A       FC      309       0
                text21                             20FC     20FC       D8      309       0
                intcode_body                       1D30     1D30      10A      309       0
                text19                             253C     253C       20      309       0
                text18                             2022     2022       DA      309       0
                text17                             237A     237A       4C      309       0
                text16                              612      612      586      309       0
                text15                              B98      B98      470      309       0
                text14                             23C6     23C6       42      309       0
                text13                             1A8A     1A8A      154      309       0
                text12                             21D4     21D4       8A      309       0
                text11                             2476     2476       2C      309       0
                text10                             16CE     16CE      1E0      309       0
                text8                              25BE     25BE        8      309       0
                text7                              2408     2408       38      309       0
                text6                              225E     225E       6E      309       0
                text5                              2440     2440       36      309       0
                text4                              2596     2596       16      309       0
                text3                              25AC     25AC       12      309       0
                text2                              24F4     24F4       26      309       0
                text1                              251A     251A       22      309       0
                text0                              257A     257A       1C      309       0
                cstackCOMRAM                          1        1       44        1       1
                cstackBANK0                          80       80       49       80       1
                cstackBANK1                         100      100        2      100       1
                bssBANK0                             C9       C9        4       80       1
                bssCOMRAM                            45       45       18        1       1
                cinit                              24CC     24CC       28      309       0

TOTAL           Name                               Link     Load   Length     Space
        CLASS   STACK          

        CLASS   CODE           
                intcodelo                            18       18      20A         0
                intcode                               8        8        6         0
                init                                222      222        4         0
                reset_vec                             0        0        4         0
                text31                             1F36     1F36       EC         0
                text30                             255C     255C       1E         0
                text29                             1008     1008      46E         0
                text28                             1BDE     1BDE      152         0
                text27                             24A2     24A2       2A         0
                text26                             18AE     18AE      1DC         0
                text25                             1476     1476      258         0
                text24                             22CC     22CC       58         0
                text23                             2324     2324       56         0
                text22                             1E3A     1E3A       FC         0
                text21                             20FC     20FC       D8         0
                intcode_body                       1D30     1D30      10A         0
                text19                             253C     253C       20         0
                text18                             2022     2022       DA         0
                text17                             237A     237A       4C         0
                text16                              612      612      586         0
                text15                              B98      B98      470         0
                text14                             23C6     23C6       42         0
                text13                             1A8A     1A8A      154         0
                text12                             21D4     21D4       8A         0
                text11                             2476     2476       2C         0
                text10                             16CE     16CE      1E0         0
                text8                              25BE     25BE        8         0
                text7                              2408     2408       38         0
                text6                              225E     225E       6E         0
                text5                              2440     2440       36         0
                text4                              2596     2596       16         0
                text3                              25AC     25AC       12         0
                text2                              24F4     24F4       26         0
                text1                              251A     251A       22         0
                text0                              257A     257A       1C         0
                cinit                              24CC     24CC       28         0

        CLASS   CONST          

        CLASS   SMALLCONST     
                smallconst                          600      600       12         0

        CLASS   MEDIUMCONST    

        CLASS   COMRAM         
                temp                                 5D       5D        1         1
                cstackCOMRAM                          1        1       44         1
                bssCOMRAM                            45       45       18         1

        CLASS   ABS1           

        CLASS   BIGRAM         

        CLASS   RAM            

        CLASS   BANK0          
                cstackBANK0                          80       80       49         1
                bssBANK0                             C9       C9        4         1

        CLASS   BANK1          
                cstackBANK1                         100      100        2         1

        CLASS   BANK2          

        CLASS   BANK3          

        CLASS   BANK4          

        CLASS   BANK5          

        CLASS   SFR            

        CLASS   FARRAM         

        CLASS   CONFIG         
                config                           300000   300000        E         0

        CLASS   IDLOC          
                idloc                            200000   200000        8         0

        CLASS   EEDATA         



SEGMENTS        Name                           Load    Length   Top    Selector   Space  Class

                reset_vec                      000000  000004  000004         0       0  CODE    
                cstackCOMRAM                   000001  00005D  00005E         1       1  COMRAM  
                intcode                        000008  000006  00000E         4       0  CODE    
                intcodelo                      000018  00020E  000226         C       0  CODE    
                cstackBANK0                    000080  00004D  0000CD        80       1  BANK0   
                cstackBANK1                    000100  000002  000102       100       1  BANK1   
                smallconst                     000600  000012  000612       300       0  SMALLCON
                text16                         000612  001FB4  0025C6       309       0  CODE    
                idloc                          200000  000008  200008    200000       0  IDLOC   
                config                         300000  00000E  30000E    300000       0  CONFIG  


UNUSED ADDRESS RANGES

        Name                Unused          Largest block    Delta
        BANK0            0000CD-0000FF               33
        BANK1            000102-0001FF               FE
        BANK2            000200-0002FF              100
        BANK3            000300-0003FF              100
        BANK4            000400-0004FF              100
        BANK5            000500-0005F3               F4
        BIGRAM           00005E-00007F               22
                         0000CD-0000FF               33
                         000102-0005F3              4F2
        CODE             000004-000007                4
                         00000E-000017                A
                         000226-0005FF              3DA
                         0025C6-007DBF             57FA
        COMRAM           00005E-00007F               22
        CONST            000004-000007                4
                         00000E-000017                A
                         000226-0005FF              3DA
                         0025C6-007DBF             57FA
        EEDATA           F00000-F000FF              100
        MEDIUMCONST      0025C6-007DBF             57FA
        RAM              0000CD-0000FF               33
                         000102-0005F3              100
        SFR              000F80-000F9B               1C
                         000F9D-000FD3               37
                         000FD5-000FDA                6
                         000FE0-000FE2                3
                         000FE8-000FEA                3
                         000FF0-000FFC                D
        SMALLCONST       0025C6-007DBF              100
        STACK            000102-0005F3              4F2

                                  Symbol Table

?___awdiv                      cstackCOMRAM 000001
?___awmod                      cstackBANK0  000080
?___fladd                      cstackBANK0  00009D
?___flmul                      cstackBANK0  000080
?___flneg                      cstackBANK0  000099
?___fltol                      cstackBANK0  0000B1
?___lwdiv                      cstackBANK0  000086
?___wmul                       cstackBANK0  000080
?___xxtofl                     cstackBANK0  00008D
?_strchr                       cstackCOMRAM 000001
?_strlen                       cstackCOMRAM 000001
?_strncmp                      cstackCOMRAM 000001
?_strstr                       cstackCOMRAM 00000E
?i2___flmul                    cstackCOMRAM 00000F
?i2___fltol                    cstackCOMRAM 000028
?i2___wmul                     cstackCOMRAM 000009
?i2___xxtofl                   cstackCOMRAM 000001
ClearBuffer@i                  cstackBANK1  000100
Lo_ISR@temp                    cstackBANK0  0000C3
PrintVoltage@c                 cstackCOMRAM 000038
PrintVoltage@digital           cstackCOMRAM 000032
PrintVoltage@temp              cstackCOMRAM 000039
PrintVoltage@voltage           cstackCOMRAM 000034
UART_Write@data                cstackBANK0  000080
_ADCON0bits                    (abs)        000FC2
_ADCON1bits                    (abs)        000FC1
_ADCON2bits                    (abs)        000FC0
_ADFM                          (abs)        007E07
_ADIP                          (abs)        007CFE
_ADRES                         (abs)        000FC3
_ADRESH                        (abs)        000FC4
_ADRESL                        (abs)        000FC3
_BAUDCONbits                   (abs)        000FB8
_CCP1CONbits                   (abs)        000FBD
_CCP2IE                        (abs)        007D00
_CCP2IP                        (abs)        007D10
_CCP2M0                        (abs)        007DD0
_CCP2M1                        (abs)        007DD1
_CCP2M2                        (abs)        007DD2
_CCP2M3                        (abs)        007DD3
_CCPR1L                        (abs)        000FBE
_CCPR2                         (abs)        000FBB
_CREN                          (abs)        007D5C
_ClearBuffer                   text6        00225E
_Hi_ISR                        intcode      000008
_Hi_ISR$1704                   cstackCOMRAM 000043
_INTCONbits                    (abs)        000FF2
_INTERRUPT_Initialize          text8        0025BE
_IPEN                          (abs)        007E87
_IPR1bits                      (abs)        000F9F
_LED_Init                      text7        002408
_Lo_ISR                        intcodelo    000018
_Lo_ISR$1705                   cstackBANK0  0000C7
_Mode2_1                       text2        0024F4
_MyusartRead                   text17       00237A
_PIE1bits                      (abs)        000F9D
_PIR1bits                      (abs)        000F9E
_PIR2bits                      (abs)        000FA1
_PR2                           (abs)        000FCB
_PrintVoltage                  text25       001476
_RCIF                          (abs)        007CF5
_RCONbits                      (abs)        000FD0
_RCREG                         (abs)        000FAE
_RCSTAbits                     (abs)        000FAB
_SPBRG                         (abs)        000FAF
_T1CONbits                     (abs)        000FCD
_T2CON                         (abs)        000FCA
_T3CCP1                        (abs)        007D8B
_T3CCP2                        (abs)        007D8E
_T3CONbits                     (abs)        000FB1
_TMR1                          (abs)        000FCE
_TMR1IF                        (abs)        007CF0
_TMR2                          (abs)        000FCC
_TMR3ON                        (abs)        007D88
_TRISA                         (abs)        000F92
_TRISCbits                     (abs)        000F94
_TRISD                         (abs)        000F95
_TRISEbits                     (abs)        000F96
_TXREG                         (abs)        000FAD
_TXSTAbits                     (abs)        000FAC
_UART_Initialize               text1        00251A
_UART_Write                    text19       00253C
__CFG_BOREN$SBORDIS            (abs)        000000
__CFG_BORV$3                   (abs)        000000
__CFG_CCP2MX$PORTC             (abs)        000000
__CFG_CP0$OFF                  (abs)        000000
__CFG_CP1$OFF                  (abs)        000000
__CFG_CP2$OFF                  (abs)        000000
__CFG_CP3$OFF                  (abs)        000000
__CFG_CPB$OFF                  (abs)        000000
__CFG_CPD$OFF                  (abs)        000000
__CFG_EBTR0$OFF                (abs)        000000
__CFG_EBTR1$OFF                (abs)        000000
__CFG_EBTR2$OFF                (abs)        000000
__CFG_EBTR3$OFF                (abs)        000000
__CFG_EBTRB$OFF                (abs)        000000
__CFG_FCMEN$OFF                (abs)        000000
__CFG_IESO$ON                  (abs)        000000
__CFG_LPT1OSC$OFF              (abs)        000000
__CFG_LVP$OFF                  (abs)        000000
__CFG_MCLRE$ON                 (abs)        000000
__CFG_OSC$INTIO67              (abs)        000000
__CFG_PBADEN$ON                (abs)        000000
__CFG_PWRT$OFF                 (abs)        000000
__CFG_STVREN$ON                (abs)        000000
__CFG_WDT$OFF                  (abs)        000000
__CFG_WDTPS$1                  (abs)        000000
__CFG_WRT0$OFF                 (abs)        000000
__CFG_WRT1$OFF                 (abs)        000000
__CFG_WRT2$OFF                 (abs)        000000
__CFG_WRT3$OFF                 (abs)        000000
__CFG_WRTB$OFF                 (abs)        000000
__CFG_WRTC$OFF                 (abs)        000000
__CFG_WRTD$OFF                 (abs)        000000
__CFG_XINST$OFF                (abs)        000000
__HRAM                         (abs)        000000
__Habs1                        abs1         000000
__Hbank0                       bank0        000000
__Hbank1                       bank1        000000
__Hbank2                       bank2        000000
__Hbank3                       bank3        000000
__Hbank4                       bank4        000000
__Hbank5                       bank5        000000
__Hbigbss                      bigbss       000000
__Hbigdata                     bigdata      000000
__Hbigram                      bigram       000000
__Hbss                         bss          000000
__HbssBANK0                    bssBANK0     000000
__HbssCOMRAM                   bssCOMRAM    000000
__Hcinit                       cinit        000000
__Hclrtext                     clrtext      000000
__Hcomram                      comram       000000
__Hconfig                      config       30000E
__Hconst                       const        000000
__HcstackBANK0                 cstackBANK0  000000
__HcstackBANK1                 cstackBANK1  000000
__HcstackCOMRAM                cstackCOMRAM 000000
__Hdata                        data         000000
__Heeprom_data                 eeprom_data  000000
__Hfarbss                      farbss       000000
__Hfardata                     fardata      000000
__Hibigdata                    ibigdata     000000
__Hidata                       idata        000000
__Hidloc                       idloc        200008
__Hifardata                    ifardata     000000
__Hinit                        init         000226
__Hintcode                     intcode      00000E
__Hintcode_body                intcode_body 000000
__Hintcodelo                   intcodelo    000222
__Hintentry                    intentry     000000
__Hintret                      intret       000000
__Hintsave_regs                intsave_regs 000000
__Hirdata                      irdata       000000
__Hmediumconst                 mediumconst  000000
__HnvFARRAM                    nvFARRAM     000000
__Hnvbit                       nvbit        000000
__Hnvrram                      nvrram       000000
__Hparam                       rparam       000000
__Hpowerup                     powerup      000222
__Hram                         ram          000000
__Hramtop                      ramtop       000600
__Hrbit                        rbit         000000
__Hrbss                        rbss         000000
__Hrdata                       rdata        000000
__Hreset_vec                   reset_vec    000004
__Hrparam                      rparam       000000
__Hsfr                         sfr          000000
__Hsmallconst                  smallconst   000612
__Hspace_0                     (abs)        30000E
__Hspace_1                     (abs)        000102
__Hspace_2                     (abs)        000000
__Hstack                       stack        000000
__Hstruct                      struct       000000
__Htemp                        temp         00005E
__Htext                        text         000000
__Htext0                       text0        000000
__Htext1                       text1        000000
__Htext10                      text10       000000
__Htext11                      text11       000000
__Htext12                      text12       000000
__Htext13                      text13       000000
__Htext14                      text14       000000
__Htext15                      text15       000000
__Htext16                      text16       000000
__Htext17                      text17       000000
__Htext18                      text18       000000
__Htext19                      text19       000000
__Htext2                       text2        000000
__Htext21                      text21       000000
__Htext22                      text22       000000
__Htext23                      text23       000000
__Htext24                      text24       000000
__Htext25                      text25       000000
__Htext26                      text26       000000
__Htext27                      text27       000000
__Htext28                      text28       000000
__Htext29                      text29       000000
__Htext3                       text3        000000
__Htext30                      text30       000000
__Htext31                      text31       000000
__Htext4                       text4        000000
__Htext5                       text5        000000
__Htext6                       text6        000000
__Htext7                       text7        000000
__Htext8                       text8        000000
__LRAM                         (abs)        000001
__Labs1                        abs1         000000
__Lbank0                       bank0        000000
__Lbank1                       bank1        000000
__Lbank2                       bank2        000000
__Lbank3                       bank3        000000
__Lbank4                       bank4        000000
__Lbank5                       bank5        000000
__Lbigbss                      bigbss       000000
__Lbigdata                     bigdata      000000
__Lbigram                      bigram       000000
__Lbss                         bss          000000
__LbssBANK0                    bssBANK0     000000
__LbssCOMRAM                   bssCOMRAM    000000
__Lcinit                       cinit        000000
__Lclrtext                     clrtext      000000
__Lcomram                      comram       000000
__Lconfig                      config       300000
__Lconst                       const        000000
__LcstackBANK0                 cstackBANK0  000000
__LcstackBANK1                 cstackBANK1  000000
__LcstackCOMRAM                cstackCOMRAM 000000
__Ldata                        data         000000
__Leeprom_data                 eeprom_data  000000
__Lfarbss                      farbss       000000
__Lfardata                     fardata      000000
__Libigdata                    ibigdata     000000
__Lidata                       idata        000000
__Lidloc                       idloc        200000
__Lifardata                    ifardata     000000
__Linit                        init         000222
__Lintcode                     intcode      000008
__Lintcode_body                intcode_body 000000
__Lintcodelo                   intcodelo    000018
__Lintentry                    intentry     000000
__Lintret                      intret       000000
__Lintsave_regs                intsave_regs 000000
__Lirdata                      irdata       000000
__Lmediumconst                 mediumconst  000000
__LnvFARRAM                    nvFARRAM     000000
__Lnvbit                       nvbit        000000
__Lnvrram                      nvrram       000000
__Lparam                       rparam       000000
__Lpowerup                     powerup      000222
__Lram                         ram          000000
__Lramtop                      ramtop       000600
__Lrbit                        rbit         000000
__Lrbss                        rbss         000000
__Lrdata                       rdata        000000
__Lreset_vec                   reset_vec    000000
__Lrparam                      rparam       000000
__Lsfr                         sfr          000000
__Lsmallconst                  smallconst   000600
__Lspace_0                     (abs)        000000
__Lspace_1                     (abs)        000000
__Lspace_2                     (abs)        000000
__Lstack                       stack        000000
__Lstruct                      struct       000000
__Ltemp                        temp         00005D
__Ltext                        text         000000
__Ltext0                       text0        000000
__Ltext1                       text1        000000
__Ltext10                      text10       000000
__Ltext11                      text11       000000
__Ltext12                      text12       000000
__Ltext13                      text13       000000
__Ltext14                      text14       000000
__Ltext15                      text15       000000
__Ltext16                      text16       000000
__Ltext17                      text17       000000
__Ltext18                      text18       000000
__Ltext19                      text19       000000
__Ltext2                       text2        000000
__Ltext21                      text21       000000
__Ltext22                      text22       000000
__Ltext23                      text23       000000
__Ltext24                      text24       000000
__Ltext25                      text25       000000
__Ltext26                      text26       000000
__Ltext27                      text27       000000
__Ltext28                      text28       000000
__Ltext29                      text29       000000
__Ltext3                       text3        000000
__Ltext30                      text30       000000
__Ltext31                      text31       000000
__Ltext4                       text4        000000
__Ltext5                       text5        000000
__Ltext6                       text6        000000
__Ltext7                       text7        000000
__Ltext8                       text8        000000
__S0                           (abs)        30000E
__S1                           (abs)        000102
__S2                           (abs)        000000
___awdiv                       text31       001F36
___awdiv@counter               cstackCOMRAM 000005
___awdiv@dividend              cstackCOMRAM 000001
___awdiv@divisor               cstackCOMRAM 000003
___awdiv@quotient              cstackCOMRAM 000007
___awdiv@sign                  cstackCOMRAM 000006
___awmod                       text18       002022
___awmod@counter               cstackBANK0  000084
___awmod@dividend              cstackBANK0  000080
___awmod@divisor               cstackBANK0  000082
___awmod@sign                  cstackBANK0  000085
___fladd                       text16       000612
___fladd@a                     cstackBANK0  0000A1
___fladd@aexp                  cstackBANK0  0000AE
___fladd@b                     cstackBANK0  00009D
___fladd@bexp                  cstackBANK0  0000AF
___fladd@grs                   cstackBANK0  0000B0
___fladd@signs                 cstackBANK0  0000AD
___flmul                       text15       000B98
___flmul@a                     cstackBANK0  000084
___flmul@aexp                  cstackBANK0  000091
___flmul@b                     cstackBANK0  000080
___flmul@bexp                  cstackBANK0  000092
___flmul@grs                   cstackBANK0  00008D
___flmul@prod                  cstackBANK0  000093
___flmul@sign                  cstackBANK0  00008C
___flmul@temp                  cstackBANK0  000097
___flneg                       text14       0023C6
___flneg@f1                    cstackBANK0  000099
___fltol                       text13       001A8A
___fltol@exp1                  cstackBANK0  0000BA
___fltol@f1                    cstackBANK0  0000B1
___fltol@sign1                 cstackBANK0  0000B9
___inthi_sp                    stack        000000
___intlo_sp                    stack        000000
___lwdiv                       text12       0021D4
___lwdiv@counter               cstackBANK0  00008C
___lwdiv@dividend              cstackBANK0  000086
___lwdiv@divisor               cstackBANK0  000088
___lwdiv@quotient              cstackBANK0  00008A
___param_bank                  (abs)        000000
___rparam_used                 (abs)        000001
___sp                          stack        000000
___wmul                        text11       002476
___wmul@multiplicand           cstackBANK0  000082
___wmul@multiplier             cstackBANK0  000080
___wmul@product                cstackBANK0  000084
___xxtofl                      text10       0016CE
___xxtofl@arg                  cstackBANK0  000097
___xxtofl@exp                  cstackBANK0  000096
___xxtofl@sign                 cstackBANK0  000095
___xxtofl@val                  cstackBANK0  00008D
__accesstop                    (abs)        000080
__activetblptr                 (abs)        000001
__end_of_ClearBuffer           text6        0022CC
__end_of_Hi_ISR                intcode_body 001E3A
__end_of_INTERRUPT_Initialize  text8        0025C6
__end_of_LED_Init              text7        002440
__end_of_Lo_ISR                intcodelo    000222
__end_of_Mode2_1               text2        00251A
__end_of_MyusartRead           text17       0023C6
__end_of_PrintVoltage          text25       0016CE
__end_of_UART_Initialize       text1        00253C
__end_of_UART_Write            text19       00255C
__end_of___awdiv               text31       002022
__end_of___awmod               text18       0020FC
__end_of___fladd               text16       000B98
__end_of___flmul               text15       001008
__end_of___flneg               text14       002408
__end_of___fltol               text13       001BDE
__end_of___lwdiv               text12       00225E
__end_of___wmul                text11       0024A2
__end_of___xxtofl              text10       0018AE
__end_of__initialization       cinit        0024E2
__end_of_adc_init_2_1          text5        002476
__end_of_ccp2_init             text4        0025AC
__end_of_main                  text0        002596
__end_of_strchr                text24       002324
__end_of_strlen                text23       00237A
__end_of_strncmp               text22       001F36
__end_of_strstr                text21       0021D4
__end_of_tmr_init              text3        0025BE
__end_ofi2_UART_Write          text30       00257A
__end_ofi2___flmul             text29       001476
__end_ofi2___fltol             text28       001D30
__end_ofi2___wmul              text27       0024CC
__end_ofi2___xxtofl            text26       001A8A
__initialization               cinit        0024CC
__mediumconst                  mediumconst  000000
__pbssBANK0                    bssBANK0     0000C9
__pbssCOMRAM                   bssCOMRAM    000045
__pcinit                       cinit        0024CC
__pcstackBANK0                 cstackBANK0  000080
__pcstackBANK1                 cstackBANK1  000100
__pcstackCOMRAM                cstackCOMRAM 000001
__pintcode                     intcode      000008
__pintcode_body                intcode_body 001D30
__pintcodelo                   intcodelo    000018
__psmallconst                  smallconst   000600
__ptext0                       text0        00257A
__ptext1                       text1        00251A
__ptext10                      text10       0016CE
__ptext11                      text11       002476
__ptext12                      text12       0021D4
__ptext13                      text13       001A8A
__ptext14                      text14       0023C6
__ptext15                      text15       000B98
__ptext16                      text16       000612
__ptext17                      text17       00237A
__ptext18                      text18       002022
__ptext19                      text19       00253C
__ptext2                       text2        0024F4
__ptext21                      text21       0020FC
__ptext22                      text22       001E3A
__ptext23                      text23       002324
__ptext24                      text24       0022CC
__ptext25                      text25       001476
__ptext26                      text26       0018AE
__ptext27                      text27       0024A2
__ptext28                      text28       001BDE
__ptext29                      text29       001008
__ptext3                       text3        0025AC
__ptext30                      text30       00255C
__ptext31                      text31       001F36
__ptext4                       text4        002596
__ptext5                       text5        002440
__ptext6                       text6        00225E
__ptext7                       text7        002408
__ptext8                       text8        0025BE
__ramtop                       ramtop       000600
__size_of_ClearBuffer          (abs)        000000
__size_of_Hi_ISR               (abs)        000000
__size_of_INTERRUPT_Initialize (abs)        000000
__size_of_LED_Init             (abs)        000000
__size_of_Lo_ISR               (abs)        000000
__size_of_Mode2_1              (abs)        000000
__size_of_MyusartRead          (abs)        000000
__size_of_PrintVoltage         (abs)        000000
__size_of_UART_Initialize      (abs)        000000
__size_of_UART_Write           (abs)        000000
__size_of___awdiv              (abs)        000000
__size_of___awmod              (abs)        000000
__size_of___fladd              (abs)        000000
__size_of___flmul              (abs)        000000
__size_of___flneg              (abs)        000000
__size_of___fltol              (abs)        000000
__size_of___lwdiv              (abs)        000000
__size_of___wmul               (abs)        000000
__size_of___xxtofl             (abs)        000000
__size_of_adc_init_2_1         (abs)        000000
__size_of_ccp2_init            (abs)        000000
__size_of_main                 (abs)        000000
__size_of_strchr               (abs)        000000
__size_of_strlen               (abs)        000000
__size_of_strncmp              (abs)        000000
__size_of_strstr               (abs)        000000
__size_of_tmr_init             (abs)        000000
__size_ofi2_UART_Write         (abs)        000000
__size_ofi2___flmul            (abs)        000000
__size_ofi2___fltol            (abs)        000000
__size_ofi2___wmul             (abs)        000000
__size_ofi2___xxtofl           (abs)        000000
__smallconst                   smallconst   000600
_adc_init_2_1                  text5        002440
_ccp2_init                     text4        002596
_count                         bssCOMRAM    000051
_lenStr                        bssBANK0     0000CB
_main                          text0        00257A
_mode                          bssBANK0     0000C9
_mystring                      bssCOMRAM    000053
_str                           bssCOMRAM    000045
_strchr                        text24       0022CC
_strlen                        text23       002324
_strncmp                       text22       001E3A
_strstr                        text21       0020FC
_sum                           bssCOMRAM    00004F
_tmr_init                      text3        0025AC
btemp                          temp         00005D
end_of_initialization          cinit        0024E2
i2UART_Write@data              cstackCOMRAM 000001
i2_UART_Write                  text30       00255C
i2___flmul                     text29       001008
i2___flmul@a                   cstackCOMRAM 000013
i2___flmul@aexp                cstackCOMRAM 000020
i2___flmul@b                   cstackCOMRAM 00000F
i2___flmul@bexp                cstackCOMRAM 000021
i2___flmul@grs                 cstackCOMRAM 00001C
i2___flmul@prod                cstackCOMRAM 000022
i2___flmul@sign                cstackCOMRAM 00001B
i2___flmul@temp                cstackCOMRAM 000026
i2___fltol                     text28       001BDE
i2___fltol@exp1                cstackCOMRAM 000031
i2___fltol@f1                  cstackCOMRAM 000028
i2___fltol@sign1               cstackCOMRAM 000030
i2___wmul                      text27       0024A2
i2___wmul@multiplicand         cstackCOMRAM 00000B
i2___wmul@multiplier           cstackCOMRAM 000009
i2___wmul@product              cstackCOMRAM 00000D
i2___xxtofl                    text26       0018AE
i2___xxtofl@arg                cstackCOMRAM 00000B
i2___xxtofl@exp                cstackCOMRAM 00000A
i2___xxtofl@sign               cstackCOMRAM 000009
i2___xxtofl@val                cstackCOMRAM 000001
int$flags                      temp         00005D
int_func                       intcode_body 001D30
intlevel0                      text         000000
intlevel1                      text         000000
intlevel2                      text         000000
intlevel3                      text         000000
stackhi                        (abs)        0005F3
stacklo                        (abs)        000102
start                          init         000222
start_initialization           cinit        0024CC
strchr@c                       cstackCOMRAM 000003
strchr@s                       cstackCOMRAM 000001
strlen@a                       cstackCOMRAM 000005
strlen@s                       cstackCOMRAM 000001
strncmp@_l                     cstackCOMRAM 000001
strncmp@_r                     cstackCOMRAM 000003
strncmp@l                      cstackCOMRAM 00000A
strncmp@n                      cstackCOMRAM 000005
strncmp@r                      cstackCOMRAM 00000C
strstr@h                       cstackCOMRAM 00000E
strstr@n                       cstackCOMRAM 000010
strstr@nl                      cstackCOMRAM 000012
ttemp5                         temp         00005E
ttemp6                         temp         000061
ttemp7                         temp         000065
wtemp8                         temp         00005E


FUNCTION INFORMATION:

 *************** function _main *****************
 Defined at:
		line 162 in file "Prob4.c"
 Parameters:    Size  Location     Type
		None
 Auto vars:     Size  Location     Type
		None
 Return value:  Size  Location     Type
                  1    wreg      void 
 Registers used:
		wreg, fsr2l, fsr2h, status,2, status,0, cstack
 Tracked objects:
		On entry : 
		On exit  : 
		Unchanged: 
 Data sizes:     COMRAM   BANK0   BANK1   BANK2   BANK3   BANK4   BANK5
      Params:         0       0       0       0       0       0       0
      Locals:         0       0       0       0       0       0       0
      Temps:          0       0       0       0       0       0       0
      Totals:         0       0       0       0       0       0       0
Total ram usage:        0 bytes
 Hardware stack levels required when called:    8
 This function calls:
		_ClearBuffer
		_INTERRUPT_Initialize
		_LED_Init
		_Mode2_1
		_UART_Initialize
 This function is called by:
		Startup code after reset
 This function uses a non-reentrant model


 *************** function _UART_Initialize *****************
 Defined at:
		line 357 in file "Prob4.c"
 Parameters:    Size  Location     Type
		None
 Auto vars:     Size  Location     Type
		None
 Return value:  Size  Location     Type
                  1    wreg      void 
 Registers used:
		wreg, status,2
 Tracked objects:
		On entry : 
		On exit  : 
		Unchanged: 
 Data sizes:     COMRAM   BANK0   BANK1   BANK2   BANK3   BANK4   BANK5
      Params:         0       0       0       0       0       0       0
      Locals:         0       0       0       0       0       0       0
      Temps:          0       0       0       0       0       0       0
      Totals:         0       0       0       0       0       0       0
Total ram usage:        0 bytes
 Hardware stack levels used:    1
 Hardware stack levels required when called:    6
 This function calls:
		Nothing
 This function is called by:
		_main
 This function uses a non-reentrant model


 *************** function _Mode2_1 *****************
 Defined at:
		line 108 in file "Prob4.c"
 Parameters:    Size  Location     Type
		None
 Auto vars:     Size  Location     Type
		None
 Return value:  Size  Location     Type
                  1    wreg      void 
 Registers used:
		wreg, fsr2l, fsr2h, status,2, status,0, cstack
 Tracked objects:
		On entry : 
		On exit  : 
		Unchanged: 
 Data sizes:     COMRAM   BANK0   BANK1   BANK2   BANK3   BANK4   BANK5
      Params:         0       0       0       0       0       0       0
      Locals:         0       0       0       0       0       0       0
      Temps:          0       0       0       0       0       0       0
      Totals:         0       0       0       0       0       0       0
Total ram usage:        0 bytes
 Hardware stack levels used:    1
 Hardware stack levels required when called:    7
 This function calls:
		_ClearBuffer
		_adc_init_2_1
		_ccp2_init
		_tmr_init
 This function is called by:
		_main
 This function uses a non-reentrant model


 *************** function _tmr_init *****************
 Defined at:
		line 338 in file "Prob4.c"
 Parameters:    Size  Location     Type
		None
 Auto vars:     Size  Location     Type
		None
 Return value:  Size  Location     Type
                  1    wreg      void 
 Registers used:
		wreg, status,2
 Tracked objects:
		On entry : 
		On exit  : 
		Unchanged: 
 Data sizes:     COMRAM   BANK0   BANK1   BANK2   BANK3   BANK4   BANK5
      Params:         0       0       0       0       0       0       0
      Locals:         0       0       0       0       0       0       0
      Temps:          0       0       0       0       0       0       0
      Totals:         0       0       0       0       0       0       0
Total ram usage:        0 bytes
 Hardware stack levels used:    1
 Hardware stack levels required when called:    6
 This function calls:
		Nothing
 This function is called by:
		_Mode2_1
 This function uses a non-reentrant model


 *************** function _ccp2_init *****************
 Defined at:
		line 325 in file "Prob4.c"
 Parameters:    Size  Location     Type
		None
 Auto vars:     Size  Location     Type
		None
 Return value:  Size  Location     Type
                  1    wreg      void 
 Registers used:
		wreg, status,2
 Tracked objects:
		On entry : 
		On exit  : 
		Unchanged: 
 Data sizes:     COMRAM   BANK0   BANK1   BANK2   BANK3   BANK4   BANK5
      Params:         0       0       0       0       0       0       0
      Locals:         0       0       0       0       0       0       0
      Temps:          0       0       0       0       0       0       0
      Totals:         0       0       0       0       0       0       0
Total ram usage:        0 bytes
 Hardware stack levels used:    1
 Hardware stack levels required when called:    6
 This function calls:
		Nothing
 This function is called by:
		_Mode2_1
 This function uses a non-reentrant model


 *************** function _adc_init_2_1 *****************
 Defined at:
		line 284 in file "Prob4.c"
 Parameters:    Size  Location     Type
		None
 Auto vars:     Size  Location     Type
		None
 Return value:  Size  Location     Type
                  1    wreg      void 
 Registers used:
		wreg, status,2
 Tracked objects:
		On entry : 
		On exit  : 
		Unchanged: 
 Data sizes:     COMRAM   BANK0   BANK1   BANK2   BANK3   BANK4   BANK5
      Params:         0       0       0       0       0       0       0
      Locals:         0       0       0       0       0       0       0
      Temps:          0       0       0       0       0       0       0
      Totals:         0       0       0       0       0       0       0
Total ram usage:        0 bytes
 Hardware stack levels used:    1
 Hardware stack levels required when called:    6
 This function calls:
		Nothing
 This function is called by:
		_Mode2_1
 This function uses a non-reentrant model


 *************** function _ClearBuffer *****************
 Defined at:
		line 402 in file "Prob4.c"
 Parameters:    Size  Location     Type
		None
 Auto vars:     Size  Location     Type
  i               2    0[BANK1 ] int 
 Return value:  Size  Location     Type
                  1    wreg      void 
 Registers used:
		wreg, fsr2l, fsr2h, status,2, status,0
 Tracked objects:
		On entry : 
		On exit  : 
		Unchanged: 
 Data sizes:     COMRAM   BANK0   BANK1   BANK2   BANK3   BANK4   BANK5
      Params:         0       0       0       0       0       0       0
      Locals:         0       0       2       0       0       0       0
      Temps:          0       0       0       0       0       0       0
      Totals:         0       0       2       0       0       0       0
Total ram usage:        2 bytes
 Hardware stack levels used:    1
 Hardware stack levels required when called:    6
 This function calls:
		Nothing
 This function is called by:
		_Mode2_1
		_main
		_Mode1
		_Mode2_2
		_Mode3
 This function uses a non-reentrant model


 *************** function _LED_Init *****************
 Defined at:
		line 470 in file "Prob4.c"
 Parameters:    Size  Location     Type
		None
 Auto vars:     Size  Location     Type
		None
 Return value:  Size  Location     Type
                  1    wreg      void 
 Registers used:
		wreg, status,2
 Tracked objects:
		On entry : 
		On exit  : 
		Unchanged: 
 Data sizes:     COMRAM   BANK0   BANK1   BANK2   BANK3   BANK4   BANK5
      Params:         0       0       0       0       0       0       0
      Locals:         0       0       0       0       0       0       0
      Temps:          0       0       0       0       0       0       0
      Totals:         0       0       0       0       0       0       0
Total ram usage:        0 bytes
 Hardware stack levels used:    1
 Hardware stack levels required when called:    6
 This function calls:
		Nothing
 This function is called by:
		_main
 This function uses a non-reentrant model


 *************** function _INTERRUPT_Initialize *****************
 Defined at:
		line 350 in file "Prob4.c"
 Parameters:    Size  Location     Type
		None
 Auto vars:     Size  Location     Type
		None
 Return value:  Size  Location     Type
                  1    wreg      void 
 Registers used:
		None
 Tracked objects:
		On entry : 
		On exit  : 
		Unchanged: 
 Data sizes:     COMRAM   BANK0   BANK1   BANK2   BANK3   BANK4   BANK5
      Params:         0       0       0       0       0       0       0
      Locals:         0       0       0       0       0       0       0
      Temps:          0       0       0       0       0       0       0
      Totals:         0       0       0       0       0       0       0
Total ram usage:        0 bytes
 Hardware stack levels used:    1
 Hardware stack levels required when called:    6
 This function calls:
		Nothing
 This function is called by:
		_main
 This function uses a non-reentrant model


 *************** function _Lo_ISR *****************
 Defined at:
		line 436 in file "Prob4.c"
 Parameters:    Size  Location     Type
		None
 Auto vars:     Size  Location     Type
  temp            4   67[BANK0 ] float 
 Return value:  Size  Location     Type
                  1    wreg      void 
 Registers used:
		wreg, fsr2l, fsr2h, status,2, status,0, prodl, prodh, cstack
 Tracked objects:
		On entry : 
		On exit  : 
		Unchanged: 
 Data sizes:     COMRAM   BANK0   BANK1   BANK2   BANK3   BANK4   BANK5
      Params:         0       0       0       0       0       0       0
      Locals:         0       6       0       0       0       0       0
      Temps:          0       8       0       0       0       0       0
      Totals:         0      14       0       0       0       0       0
Total ram usage:       14 bytes
 Hardware stack levels used:    1
 Hardware stack levels required when called:    5
 This function calls:
		_MyusartRead
		___fladd
		___flmul
		___flneg
		___fltol
		___lwdiv
		___wmul
		___xxtofl
 This function is called by:
		Interrupt level 1
 This function uses a non-reentrant model


 *************** function ___xxtofl *****************
 Defined at:
		line 10 in file "C:\Program Files (x86)\Microchip\xc8\v2.00\pic\sources\c99\common\xxtofl.c"
 Parameters:    Size  Location     Type
  sign            1    wreg     unsigned char 
  val             4   13[BANK0 ] long 
 Auto vars:     Size  Location     Type
  sign            1   21[BANK0 ] unsigned char 
  arg             4   23[BANK0 ] unsigned long 
  exp             1   22[BANK0 ] unsigned char 
 Return value:  Size  Location     Type
                  4   13[BANK0 ] unsigned char 
 Registers used:
		wreg, status,2, status,0
 Tracked objects:
		On entry : 
		On exit  : 
		Unchanged: 
 Data sizes:     COMRAM   BANK0   BANK1   BANK2   BANK3   BANK4   BANK5
      Params:         0       4       0       0       0       0       0
      Locals:         0       6       0       0       0       0       0
      Temps:          0       4       0       0       0       0       0
      Totals:         0      14       0       0       0       0       0
Total ram usage:       14 bytes
 Hardware stack levels used:    1
 Hardware stack levels required when called:    3
 This function calls:
		Nothing
 This function is called by:
		_Lo_ISR
 This function uses a non-reentrant model


 *************** function ___wmul *****************
 Defined at:
		line 15 in file "C:\Program Files (x86)\Microchip\xc8\v2.00\pic\sources\c99\common\Umul16.c"
 Parameters:    Size  Location     Type
  multiplier      2    0[BANK0 ] unsigned int 
  multiplicand    2    2[BANK0 ] unsigned int 
 Auto vars:     Size  Location     Type
  product         2    4[BANK0 ] unsigned int 
 Return value:  Size  Location     Type
                  2    0[BANK0 ] unsigned int 
 Registers used:
		wreg, status,2, status,0, prodl, prodh
 Tracked objects:
		On entry : 
		On exit  : 
		Unchanged: 
 Data sizes:     COMRAM   BANK0   BANK1   BANK2   BANK3   BANK4   BANK5
      Params:         0       4       0       0       0       0       0
      Locals:         0       2       0       0       0       0       0
      Temps:          0       0       0       0       0       0       0
      Totals:         0       6       0       0       0       0       0
Total ram usage:        6 bytes
 Hardware stack levels used:    1
 Hardware stack levels required when called:    3
 This function calls:
		Nothing
 This function is called by:
		_Lo_ISR
 This function uses a non-reentrant model


 *************** function ___lwdiv *****************
 Defined at:
		line 7 in file "C:\Program Files (x86)\Microchip\xc8\v2.00\pic\sources\c99\common\lwdiv.c"
 Parameters:    Size  Location     Type
  dividend        2    6[BANK0 ] unsigned int 
  divisor         2    8[BANK0 ] unsigned int 
 Auto vars:     Size  Location     Type
  quotient        2   10[BANK0 ] unsigned int 
  counter         1   12[BANK0 ] unsigned char 
 Return value:  Size  Location     Type
                  2    6[BANK0 ] unsigned int 
 Registers used:
		wreg, status,2, status,0
 Tracked objects:
		On entry : 
		On exit  : 
		Unchanged: 
 Data sizes:     COMRAM   BANK0   BANK1   BANK2   BANK3   BANK4   BANK5
      Params:         0       4       0       0       0       0       0
      Locals:         0       3       0       0       0       0       0
      Temps:          0       0       0       0       0       0       0
      Totals:         0       7       0       0       0       0       0
Total ram usage:        7 bytes
 Hardware stack levels used:    1
 Hardware stack levels required when called:    3
 This function calls:
		Nothing
 This function is called by:
		_Lo_ISR
 This function uses a non-reentrant model


 *************** function ___fltol *****************
 Defined at:
		line 43 in file "C:\Program Files (x86)\Microchip\xc8\v2.00\pic\sources\c99\common\fltol.c"
 Parameters:    Size  Location     Type
  f1              4   49[BANK0 ] unsigned int 
 Auto vars:     Size  Location     Type
  exp1            1   58[BANK0 ] unsigned char 
  sign1           1   57[BANK0 ] unsigned char 
 Return value:  Size  Location     Type
                  4   49[BANK0 ] long 
 Registers used:
		wreg, status,2, status,0
 Tracked objects:
		On entry : 
		On exit  : 
		Unchanged: 
 Data sizes:     COMRAM   BANK0   BANK1   BANK2   BANK3   BANK4   BANK5
      Params:         0       4       0       0       0       0       0
      Locals:         0       2       0       0       0       0       0
      Temps:          0       4       0       0       0       0       0
      Totals:         0      10       0       0       0       0       0
Total ram usage:       10 bytes
 Hardware stack levels used:    1
 Hardware stack levels required when called:    3
 This function calls:
		Nothing
 This function is called by:
		_Lo_ISR
 This function uses a non-reentrant model


 *************** function ___flneg *****************
 Defined at:
		line 15 in file "C:\Program Files (x86)\Microchip\xc8\v2.00\pic\sources\c99\common\flneg.c"
 Parameters:    Size  Location     Type
  f1              4   25[BANK0 ] long 
 Auto vars:     Size  Location     Type
		None
 Return value:  Size  Location     Type
                  4   25[BANK0 ] long 
 Registers used:
		wreg, status,2, status,0
 Tracked objects:
		On entry : 
		On exit  : 
		Unchanged: 
 Data sizes:     COMRAM   BANK0   BANK1   BANK2   BANK3   BANK4   BANK5
      Params:         0       4       0       0       0       0       0
      Locals:         0       0       0       0       0       0       0
      Temps:          0       0       0       0       0       0       0
      Totals:         0       4       0       0       0       0       0
Total ram usage:        4 bytes
 Hardware stack levels used:    1
 Hardware stack levels required when called:    3
 This function calls:
		Nothing
 This function is called by:
		_Lo_ISR
 This function uses a non-reentrant model


 *************** function ___flmul *****************
 Defined at:
		line 8 in file "C:\Program Files (x86)\Microchip\xc8\v2.00\pic\sources\c99\common\sprcmul.c"
 Parameters:    Size  Location     Type
  b               4    0[BANK0 ] long 
  a               4    4[BANK0 ] long 
 Auto vars:     Size  Location     Type
  prod            4   19[BANK0 ] struct .
  grs             4   13[BANK0 ] unsigned long 
  temp            2   23[BANK0 ] struct .
  bexp            1   18[BANK0 ] unsigned char 
  aexp            1   17[BANK0 ] unsigned char 
  sign            1   12[BANK0 ] unsigned char 
 Return value:  Size  Location     Type
                  4    0[BANK0 ] unsigned char 
 Registers used:
		wreg, status,2, status,0, prodl, prodh
 Tracked objects:
		On entry : 
		On exit  : 
		Unchanged: 
 Data sizes:     COMRAM   BANK0   BANK1   BANK2   BANK3   BANK4   BANK5
      Params:         0       8       0       0       0       0       0
      Locals:         0      13       0       0       0       0       0
      Temps:          0       4       0       0       0       0       0
      Totals:         0      25       0       0       0       0       0
Total ram usage:       25 bytes
 Hardware stack levels used:    1
 Hardware stack levels required when called:    3
 This function calls:
		Nothing
 This function is called by:
		_Lo_ISR
 This function uses a non-reentrant model


 *************** function ___fladd *****************
 Defined at:
		line 10 in file "C:\Program Files (x86)\Microchip\xc8\v2.00\pic\sources\c99\common\sprcadd.c"
 Parameters:    Size  Location     Type
  b               4   29[BANK0 ] unsigned char 
  a               4   33[BANK0 ] unsigned char 
 Auto vars:     Size  Location     Type
  grs             1   48[BANK0 ] unsigned char 
  bexp            1   47[BANK0 ] unsigned char 
  aexp            1   46[BANK0 ] unsigned char 
  signs           1   45[BANK0 ] unsigned char 
 Return value:  Size  Location     Type
                  4   29[BANK0 ] unsigned char 
 Registers used:
		wreg, status,2, status,0
 Tracked objects:
		On entry : 
		On exit  : 
		Unchanged: 
 Data sizes:     COMRAM   BANK0   BANK1   BANK2   BANK3   BANK4   BANK5
      Params:         0       8       0       0       0       0       0
      Locals:         0       4       0       0       0       0       0
      Temps:          0       8       0       0       0       0       0
      Totals:         0      20       0       0       0       0       0
Total ram usage:       20 bytes
 Hardware stack levels used:    1
 Hardware stack levels required when called:    3
 This function calls:
		Nothing
 This function is called by:
		_Lo_ISR
 This function uses a non-reentrant model


 *************** function _MyusartRead *****************
 Defined at:
		line 408 in file "Prob4.c"
 Parameters:    Size  Location     Type
		None
 Auto vars:     Size  Location     Type
		None
 Return value:  Size  Location     Type
                  1    wreg      void 
 Registers used:
		wreg, fsr2l, fsr2h, status,2, status,0, cstack
 Tracked objects:
		On entry : 
		On exit  : 
		Unchanged: 
 Data sizes:     COMRAM   BANK0   BANK1   BANK2   BANK3   BANK4   BANK5
      Params:         0       0       0       0       0       0       0
      Locals:         0       0       0       0       0       0       0
      Temps:          0       0       0       0       0       0       0
      Totals:         0       0       0       0       0       0       0
Total ram usage:        0 bytes
 Hardware stack levels used:    1
 Hardware stack levels required when called:    4
 This function calls:
		_UART_Write
		___awmod
 This function is called by:
		_Lo_ISR
 This function uses a non-reentrant model


 *************** function ___awmod *****************
 Defined at:
		line 7 in file "C:\Program Files (x86)\Microchip\xc8\v2.00\pic\sources\c99\common\awmod.c"
 Parameters:    Size  Location     Type
  dividend        2    0[BANK0 ] int 
  divisor         2    2[BANK0 ] int 
 Auto vars:     Size  Location     Type
  sign            1    5[BANK0 ] unsigned char 
  counter         1    4[BANK0 ] unsigned char 
 Return value:  Size  Location     Type
                  2    0[BANK0 ] int 
 Registers used:
		wreg, status,2, status,0
 Tracked objects:
		On entry : 
		On exit  : 
		Unchanged: 
 Data sizes:     COMRAM   BANK0   BANK1   BANK2   BANK3   BANK4   BANK5
      Params:         0       4       0       0       0       0       0
      Locals:         0       2       0       0       0       0       0
      Temps:          0       0       0       0       0       0       0
      Totals:         0       6       0       0       0       0       0
Total ram usage:        6 bytes
 Hardware stack levels used:    1
 Hardware stack levels required when called:    3
 This function calls:
		Nothing
 This function is called by:
		_MyusartRead
 This function uses a non-reentrant model


 *************** function _UART_Write *****************
 Defined at:
		line 391 in file "Prob4.c"
 Parameters:    Size  Location     Type
  data            1    wreg     unsigned char 
 Auto vars:     Size  Location     Type
  data            1    0[BANK0 ] unsigned char 
 Return value:  Size  Location     Type
                  1    wreg      void 
 Registers used:
		wreg
 Tracked objects:
		On entry : 
		On exit  : 
		Unchanged: 
 Data sizes:     COMRAM   BANK0   BANK1   BANK2   BANK3   BANK4   BANK5
      Params:         0       0       0       0       0       0       0
      Locals:         0       1       0       0       0       0       0
      Temps:          0       0       0       0       0       0       0
      Totals:         0       1       0       0       0       0       0
Total ram usage:        1 bytes
 Hardware stack levels used:    1
 Hardware stack levels required when called:    3
 This function calls:
		Nothing
 This function is called by:
		_MyusartRead
		_Mode3
		_UART_Write_Text
 This function uses a non-reentrant model


 *************** function _Hi_ISR *****************
 Defined at:
		line 248 in file "Prob4.c"
 Parameters:    Size  Location     Type
		None
 Auto vars:     Size  Location     Type
		None
 Return value:  Size  Location     Type
                  1    wreg      void 
 Registers used:
		wreg, fsr2l, fsr2h, status,2, status,0, tblptrl, tblptrh, tblptru, prodl, prodh, cstack
 Tracked objects:
		On entry : 
		On exit  : 
		Unchanged: 
 Data sizes:     COMRAM   BANK0   BANK1   BANK2   BANK3   BANK4   BANK5
      Params:         0       0       0       0       0       0       0
      Locals:         2       0       0       0       0       0       0
      Temps:          8       0       0       0       0       0       0
      Totals:        10       0       0       0       0       0       0
Total ram usage:       10 bytes
 Hardware stack levels used:    1
 Hardware stack levels required when called:    2
 This function calls:
		_PrintVoltage
		___awdiv
		_strstr
 This function is called by:
		Interrupt level 2
 This function uses a non-reentrant model


 *************** function _strstr *****************
 Defined at:
		line 143 in file "C:\Program Files (x86)\Microchip\xc8\v2.00\pic\sources\c99\common\strstr.c"
 Parameters:    Size  Location     Type
  h               2   13[COMRAM] PTR const unsigned char 
		 -> NULL(0), mystring(10), 
  n               2   15[COMRAM] PTR const unsigned char 
		 -> STR_3(2), STR_2(2), 
 Auto vars:     Size  Location     Type
  nl              2   17[COMRAM] unsigned int 
 Return value:  Size  Location     Type
                  2   13[COMRAM] PTR unsigned char 
 Registers used:
		wreg, fsr2l, fsr2h, status,2, status,0, tblptrl, tblptrh, tblptru, cstack
 Tracked objects:
		On entry : 
		On exit  : 
		Unchanged: 
 Data sizes:     COMRAM   BANK0   BANK1   BANK2   BANK3   BANK4   BANK5
      Params:         4       0       0       0       0       0       0
      Locals:         2       0       0       0       0       0       0
      Temps:          0       0       0       0       0       0       0
      Totals:         6       0       0       0       0       0       0
Total ram usage:        6 bytes
 Hardware stack levels used:    1
 Hardware stack levels required when called:    1
 This function calls:
		_strchr
		_strlen
		_strncmp
 This function is called by:
		_Hi_ISR
		_Mode2_2
 This function uses a non-reentrant model


 *************** function _strncmp *****************
 Defined at:
		line 3 in file "C:\Program Files (x86)\Microchip\xc8\v2.00\pic\sources\c99\common\strncmp.c"
 Parameters:    Size  Location     Type
  _l              2    0[COMRAM] PTR const unsigned char 
		 -> NULL(0), mystring(10), 
  _r              2    2[COMRAM] PTR const unsigned char 
		 -> STR_3(2), STR_2(2), 
  n               2    4[COMRAM] unsigned int 
 Auto vars:     Size  Location     Type
  r               2   11[COMRAM] PTR const unsigned char 
		 -> STR_3(2), STR_2(2), 
  l               2    9[COMRAM] PTR const unsigned char 
		 -> NULL(0), mystring(10), 
 Return value:  Size  Location     Type
                  2    0[COMRAM] int 
 Registers used:
		wreg, fsr2l, fsr2h, status,2, status,0, tblptrl, tblptrh, tblptru
 Tracked objects:
		On entry : 
		On exit  : 
		Unchanged: 
 Data sizes:     COMRAM   BANK0   BANK1   BANK2   BANK3   BANK4   BANK5
      Params:         6       0       0       0       0       0       0
      Locals:         4       0       0       0       0       0       0
      Temps:          3       0       0       0       0       0       0
      Totals:        13       0       0       0       0       0       0
Total ram usage:       13 bytes
 Hardware stack levels used:    1
 This function calls:
		Nothing
 This function is called by:
		_strstr
 This function uses a non-reentrant model


 *************** function _strlen *****************
 Defined at:
		line 12 in file "C:\Program Files (x86)\Microchip\xc8\v2.00\pic\sources\c99\common\strlen.c"
 Parameters:    Size  Location     Type
  s               2    0[COMRAM] PTR const unsigned char 
		 -> STR_3(2), STR_2(2), 
 Auto vars:     Size  Location     Type
  a               2    4[COMRAM] PTR const unsigned char 
		 -> STR_3(2), STR_2(2), 
 Return value:  Size  Location     Type
                  2    0[COMRAM] unsigned int 
 Registers used:
		wreg, status,2, status,0, tblptrl, tblptrh, tblptru
 Tracked objects:
		On entry : 
		On exit  : 
		Unchanged: 
 Data sizes:     COMRAM   BANK0   BANK1   BANK2   BANK3   BANK4   BANK5
      Params:         2       0       0       0       0       0       0
      Locals:         2       0       0       0       0       0       0
      Temps:          2       0       0       0       0       0       0
      Totals:         6       0       0       0       0       0       0
Total ram usage:        6 bytes
 Hardware stack levels used:    1
 This function calls:
		Nothing
 This function is called by:
		_strstr
 This function uses a non-reentrant model


 *************** function _strchr *****************
 Defined at:
		line 7 in file "C:\Program Files (x86)\Microchip\xc8\v2.00\pic\sources\c99\common\strchr.c"
 Parameters:    Size  Location     Type
  s               2    0[COMRAM] PTR const unsigned char 
		 -> NULL(0), mystring(10), 
  c               2    2[COMRAM] int 
 Auto vars:     Size  Location     Type
		None
 Return value:  Size  Location     Type
                  2    0[COMRAM] PTR unsigned char 
 Registers used:
		wreg, fsr2l, fsr2h, status,2, status,0
 Tracked objects:
		On entry : 
		On exit  : 
		Unchanged: 
 Data sizes:     COMRAM   BANK0   BANK1   BANK2   BANK3   BANK4   BANK5
      Params:         4       0       0       0       0       0       0
      Locals:         0       0       0       0       0       0       0
      Temps:          1       0       0       0       0       0       0
      Totals:         5       0       0       0       0       0       0
Total ram usage:        5 bytes
 Hardware stack levels used:    1
 This function calls:
		Nothing
 This function is called by:
		_strstr
 This function uses a non-reentrant model


 *************** function _PrintVoltage *****************
 Defined at:
		line 202 in file "Prob4.c"
 Parameters:    Size  Location     Type
  digital         2   49[COMRAM] int 
 Auto vars:     Size  Location     Type
  voltage         4   51[COMRAM] float 
  temp            2   56[COMRAM] int 
  c               1   55[COMRAM] unsigned char 
 Return value:  Size  Location     Type
                  1    wreg      void 
 Registers used:
		wreg, status,2, status,0, prodl, prodh, cstack
 Tracked objects:
		On entry : 
		On exit  : 
		Unchanged: 
 Data sizes:     COMRAM   BANK0   BANK1   BANK2   BANK3   BANK4   BANK5
      Params:         2       0       0       0       0       0       0
      Locals:         7       0       0       0       0       0       0
      Temps:          0       0       0       0       0       0       0
      Totals:         9       0       0       0       0       0       0
Total ram usage:        9 bytes
 Hardware stack levels used:    1
 Hardware stack levels required when called:    1
 This function calls:
		___awdiv
		i2_UART_Write
		i2___flmul
		i2___fltol
		i2___wmul
		i2___xxtofl
 This function is called by:
		_Hi_ISR
		_Mode2_2
		_Mode3
 This function uses a non-reentrant model


 *************** function i2___xxtofl *****************
 Defined at:
		line 10 in file "C:\Program Files (x86)\Microchip\xc8\v2.00\pic\sources\c99\common\xxtofl.c"
 Parameters:    Size  Location     Type
  sign            1    wreg     unsigned char 
  val             4    0[COMRAM] long 
 Auto vars:     Size  Location     Type
  sign            1    8[COMRAM] unsigned char 
  __xxtofl        4   10[COMRAM] unsigned long 
  __xxtofl        1    9[COMRAM] unsigned char 
 Return value:  Size  Location     Type
                  4    0[COMRAM] unsigned char 
 Registers used:
		wreg, status,2, status,0
 Tracked objects:
		On entry : 
		On exit  : 
		Unchanged: 
 Data sizes:     COMRAM   BANK0   BANK1   BANK2   BANK3   BANK4   BANK5
      Params:         4       0       0       0       0       0       0
      Locals:         6       0       0       0       0       0       0
      Temps:          4       0       0       0       0       0       0
      Totals:        14       0       0       0       0       0       0
Total ram usage:       14 bytes
 Hardware stack levels used:    1
 This function calls:
		Nothing
 This function is called by:
		_PrintVoltage
 This function uses a non-reentrant model


 *************** function i2___wmul *****************
 Defined at:
		line 15 in file "C:\Program Files (x86)\Microchip\xc8\v2.00\pic\sources\c99\common\Umul16.c"
 Parameters:    Size  Location     Type
  multiplier      2    8[COMRAM] unsigned int 
  multiplicand    2   10[COMRAM] unsigned int 
 Auto vars:     Size  Location     Type
  __wmul          2   12[COMRAM] unsigned int 
 Return value:  Size  Location     Type
                  2    8[COMRAM] unsigned int 
 Registers used:
		wreg, status,2, status,0, prodl, prodh
 Tracked objects:
		On entry : 
		On exit  : 
		Unchanged: 
 Data sizes:     COMRAM   BANK0   BANK1   BANK2   BANK3   BANK4   BANK5
      Params:         4       0       0       0       0       0       0
      Locals:         2       0       0       0       0       0       0
      Temps:          0       0       0       0       0       0       0
      Totals:         6       0       0       0       0       0       0
Total ram usage:        6 bytes
 Hardware stack levels used:    1
 This function calls:
		Nothing
 This function is called by:
		_PrintVoltage
 This function uses a non-reentrant model


 *************** function i2___fltol *****************
 Defined at:
		line 43 in file "C:\Program Files (x86)\Microchip\xc8\v2.00\pic\sources\c99\common\fltol.c"
 Parameters:    Size  Location     Type
  f1              4   39[COMRAM] unsigned int 
 Auto vars:     Size  Location     Type
  __fltol         1   48[COMRAM] unsigned char 
  __fltol         1   47[COMRAM] unsigned char 
 Return value:  Size  Location     Type
                  4   39[COMRAM] long 
 Registers used:
		wreg, status,2, status,0
 Tracked objects:
		On entry : 
		On exit  : 
		Unchanged: 
 Data sizes:     COMRAM   BANK0   BANK1   BANK2   BANK3   BANK4   BANK5
      Params:         4       0       0       0       0       0       0
      Locals:         2       0       0       0       0       0       0
      Temps:          4       0       0       0       0       0       0
      Totals:        10       0       0       0       0       0       0
Total ram usage:       10 bytes
 Hardware stack levels used:    1
 This function calls:
		Nothing
 This function is called by:
		_PrintVoltage
 This function uses a non-reentrant model


 *************** function i2___flmul *****************
 Defined at:
		line 8 in file "C:\Program Files (x86)\Microchip\xc8\v2.00\pic\sources\c99\common\sprcmul.c"
 Parameters:    Size  Location     Type
  b               4   14[COMRAM] long 
  a               4   18[COMRAM] long 
 Auto vars:     Size  Location     Type
  __flmul         4   33[COMRAM] struct .
  __flmul         4   27[COMRAM] unsigned long 
  __flmul         2   37[COMRAM] struct .
  __flmul         1   32[COMRAM] unsigned char 
  __flmul         1   31[COMRAM] unsigned char 
  __flmul         1   26[COMRAM] unsigned char 
 Return value:  Size  Location     Type
                  4   14[COMRAM] unsigned char 
 Registers used:
		wreg, status,2, status,0, prodl, prodh
 Tracked objects:
		On entry : 
		On exit  : 
		Unchanged: 
 Data sizes:     COMRAM   BANK0   BANK1   BANK2   BANK3   BANK4   BANK5
      Params:         8       0       0       0       0       0       0
      Locals:        13       0       0       0       0       0       0
      Temps:          4       0       0       0       0       0       0
      Totals:        25       0       0       0       0       0       0
Total ram usage:       25 bytes
 Hardware stack levels used:    1
 This function calls:
		Nothing
 This function is called by:
		_PrintVoltage
 This function uses a non-reentrant model


 *************** function i2_UART_Write *****************
 Defined at:
		line 391 in file "Prob4.c"
 Parameters:    Size  Location     Type
  data            1    wreg     unsigned char 
 Auto vars:     Size  Location     Type
  data            1    0[COMRAM] unsigned char 
 Return value:  Size  Location     Type
                  1    wreg      void 
 Registers used:
		wreg
 Tracked objects:
		On entry : 
		On exit  : 
		Unchanged: 
 Data sizes:     COMRAM   BANK0   BANK1   BANK2   BANK3   BANK4   BANK5
      Params:         0       0       0       0       0       0       0
      Locals:         1       0       0       0       0       0       0
      Temps:          0       0       0       0       0       0       0
      Totals:         1       0       0       0       0       0       0
Total ram usage:        1 bytes
 Hardware stack levels used:    1
 This function calls:
		Nothing
 This function is called by:
		_PrintVoltage
 This function uses a non-reentrant model


 *************** function ___awdiv *****************
 Defined at:
		line 7 in file "C:\Program Files (x86)\Microchip\xc8\v2.00\pic\sources\c99\common\awdiv.c"
 Parameters:    Size  Location     Type
  dividend        2    0[COMRAM] int 
  divisor         2    2[COMRAM] int 
 Auto vars:     Size  Location     Type
  quotient        2    6[COMRAM] int 
  sign            1    5[COMRAM] unsigned char 
  counter         1    4[COMRAM] unsigned char 
 Return value:  Size  Location     Type
                  2    0[COMRAM] int 
 Registers used:
		wreg, status,2, status,0
 Tracked objects:
		On entry : 
		On exit  : 
		Unchanged: 
 Data sizes:     COMRAM   BANK0   BANK1   BANK2   BANK3   BANK4   BANK5
      Params:         4       0       0       0       0       0       0
      Locals:         4       0       0       0       0       0       0
      Temps:          0       0       0       0       0       0       0
      Totals:         8       0       0       0       0       0       0
Total ram usage:        8 bytes
 Hardware stack levels used:    1
 This function calls:
		Nothing
 This function is called by:
		_PrintVoltage
		_Hi_ISR
 This function uses a non-reentrant model



MODULE INFORMATION

Module		Function		Class		Link	Load	Size
C:\Program Files (x86)\Microchip\xc8\v2.00\pic\sources\c99\common\strncmp.c
		_strncmp       		CODE           	1E3A	0000	253

C:\Program Files (x86)\Microchip\xc8\v2.00\pic\sources\c99\common\strncmp.c estimated size: 253

C:\Program Files (x86)\Microchip\xc8\v2.00\pic\sources\c99\common\sprcmul.c
		___flmul       		CODE           	0B98	0000	1137

C:\Program Files (x86)\Microchip\xc8\v2.00\pic\sources\c99\common\sprcmul.c estimated size: 1137

C:\Program Files (x86)\Microchip\xc8\v2.00\pic\sources\c99\common\xxtofl.c
		___xxtofl      		CODE           	16CE	0000	481

C:\Program Files (x86)\Microchip\xc8\v2.00\pic\sources\c99\common\xxtofl.c estimated size: 481

C:\Program Files (x86)\Microchip\xc8\v2.00\pic\sources\c99\common\awmod.c
		___awmod       		CODE           	2022	0000	219

C:\Program Files (x86)\Microchip\xc8\v2.00\pic\sources\c99\common\awmod.c estimated size: 219

C:\Program Files (x86)\Microchip\xc8\v2.00\pic\sources\c99\common\strlen.c
		_strlen        		CODE           	2324	0000	87

C:\Program Files (x86)\Microchip\xc8\v2.00\pic\sources\c99\common\strlen.c estimated size: 87

Prob4.c
		_LED_Init      		CODE           	2408	0000	57
		_Lo_ISR        		CODE           	0018	0000	523
		_MyusartRead   		CODE           	237A	0000	77
		_Mode2_1       		CODE           	24F4	0000	39
		_main          		CODE           	257A	0000	29
		_INTERRUPT_Initialize		CODE           	25BE	0000	9
		_PrintVoltage  		CODE           	1476	0000	601
		_ccp2_init     		CODE           	2596	0000	23
		_ClearBuffer   		CODE           	225E	0000	111
		_UART_Initialize		CODE           	251A	0000	35
		_UART_Write    		CODE           	253C	0000	33
		_adc_init_2_1  		CODE           	2440	0000	55
		_tmr_init      		CODE           	25AC	0000	19
		_Hi_ISR        		CODE           	0008	0000	273

Prob4.c estimated size: 1884

C:\Program Files (x86)\Microchip\xc8\v2.00\pic\sources\c99\common\strchr.c
		_strchr        		CODE           	22CC	0000	89

C:\Program Files (x86)\Microchip\xc8\v2.00\pic\sources\c99\common\strchr.c estimated size: 89

C:\Program Files (x86)\Microchip\xc8\v2.00\pic\sources\c99\common\sprcadd.c
		___fladd       		CODE           	0612	0000	1415

C:\Program Files (x86)\Microchip\xc8\v2.00\pic\sources\c99\common\sprcadd.c estimated size: 1415

C:\Program Files (x86)\Microchip\xc8\v2.00\pic\sources\c99\common\lwdiv.c
		___lwdiv       		CODE           	21D4	0000	139

C:\Program Files (x86)\Microchip\xc8\v2.00\pic\sources\c99\common\lwdiv.c estimated size: 139

C:\Program Files (x86)\Microchip\xc8\v2.00\pic\sources\c99\common\awdiv.c
		___awdiv       		CODE           	1F36	0000	237

C:\Program Files (x86)\Microchip\xc8\v2.00\pic\sources\c99\common\awdiv.c estimated size: 237

shared
		i2_UART_Write  		CODE           	255C	0000	31
		i2___wmul      		CODE           	24A2	0000	43
		i2___fltol     		CODE           	1BDE	0000	339
		__initialization		CODE           	24CC	0000	23
		i2___flmul     		CODE           	1008	0000	1135
		i2___xxtofl    		CODE           	18AE	0000	477

shared estimated size: 2048

C:\Program Files (x86)\Microchip\xc8\v2.00\pic\sources\c99\common\fltol.c
		___fltol       		CODE           	1A8A	0000	341

C:\Program Files (x86)\Microchip\xc8\v2.00\pic\sources\c99\common\fltol.c estimated size: 341

C:\Program Files (x86)\Microchip\xc8\v2.00\pic\sources\c99\common\strstr.c
		_strstr        		CODE           	20FC	0000	217

C:\Program Files (x86)\Microchip\xc8\v2.00\pic\sources\c99\common\strstr.c estimated size: 217

C:\Program Files (x86)\Microchip\xc8\v2.00\pic\sources\c99\common\Umul16.c
		___wmul        		CODE           	2476	0000	45

C:\Program Files (x86)\Microchip\xc8\v2.00\pic\sources\c99\common\Umul16.c estimated size: 45

C:\Program Files (x86)\Microchip\xc8\v2.00\pic\sources\c99\common\flneg.c
		___flneg       		CODE           	23C6	0000	67

C:\Program Files (x86)\Microchip\xc8\v2.00\pic\sources\c99\common\flneg.c estimated size: 67

