MPLINK 5.09, LINKER
Linker Map File - Created Mon Nov 19 21:06:07 2018

                                 Section Info
                  Section       Type    Address   Location Size(Bytes)
                ---------  ---------  ---------  ---------  ---------
                   .org_0       code   0x000000    program   0x000002
                   .cinit    romdata   0x000002    program   0x000002
                   .org_1       code   0x000008    program   0x0001d8
.config_300001_BUILD/DEFAULT/PRODUCTION/MID.O    romdata   0x300001    program   0x000001
.config_300002_BUILD/DEFAULT/PRODUCTION/MID.O    romdata   0x300002    program   0x000001
.config_300003_BUILD/DEFAULT/PRODUCTION/MID.O    romdata   0x300003    program   0x000001
.config_300005_BUILD/DEFAULT/PRODUCTION/MID.O    romdata   0x300005    program   0x000001
.config_300006_BUILD/DEFAULT/PRODUCTION/MID.O    romdata   0x300006    program   0x000001
.config_300008_BUILD/DEFAULT/PRODUCTION/MID.O    romdata   0x300008    program   0x000001
.config_300009_BUILD/DEFAULT/PRODUCTION/MID.O    romdata   0x300009    program   0x000001
.config_30000A_BUILD/DEFAULT/PRODUCTION/MID.O    romdata   0x30000a    program   0x000001
.config_30000B_BUILD/DEFAULT/PRODUCTION/MID.O    romdata   0x30000b    program   0x000001
.config_30000C_BUILD/DEFAULT/PRODUCTION/MID.O    romdata   0x30000c    program   0x000001
.config_30000D_BUILD/DEFAULT/PRODUCTION/MID.O    romdata   0x30000d    program   0x000001



                              Program Memory Usage 
                               Start         End      
                           ---------   ---------      
                            0x000000    0x000003      
                            0x000008    0x0001df      
                            0x300001    0x300003      
                            0x300005    0x300006      
                            0x300008    0x30000d      
            487 out of 33048 program addresses used, program memory utilization is 1%



                              Symbols - Sorted by Name
                     Name    Address   Location    Storage File                     
                ---------  ---------  ---------  --------- ---------                
                   Divide   0x00002a    program     static C:\Users\febri\MPLABXProjects\MID.X\mid.asm
                     Init   0x00000a    program     static C:\Users\febri\MPLABXProjects\MID.X\mid.asm
                 Transfer   0x000070    program     static C:\Users\febri\MPLABXProjects\MID.X\mid.asm
                 _10LOOP1   0x000176    program     static C:\Users\febri\MPLABXProjects\MID.X\mid.asm
                 _10LOOP2   0x000172    program     static C:\Users\febri\MPLABXProjects\MID.X\mid.asm
                 _11LOOP1   0x000194    program     static C:\Users\febri\MPLABXProjects\MID.X\mid.asm
                 _11LOOP2   0x000190    program     static C:\Users\febri\MPLABXProjects\MID.X\mid.asm
                 _12LOOP1   0x0001b4    program     static C:\Users\febri\MPLABXProjects\MID.X\mid.asm
                 _12LOOP2   0x0001b0    program     static C:\Users\febri\MPLABXProjects\MID.X\mid.asm
                  _5LOOP1   0x0000d6    program     static C:\Users\febri\MPLABXProjects\MID.X\mid.asm
                  _5LOOP2   0x0000d2    program     static C:\Users\febri\MPLABXProjects\MID.X\mid.asm
                  _6LOOP1   0x0000f6    program     static C:\Users\febri\MPLABXProjects\MID.X\mid.asm
                  _6LOOP2   0x0000f2    program     static C:\Users\febri\MPLABXProjects\MID.X\mid.asm
                  _7LOOP1   0x000114    program     static C:\Users\febri\MPLABXProjects\MID.X\mid.asm
                  _7LOOP2   0x000110    program     static C:\Users\febri\MPLABXProjects\MID.X\mid.asm
                  _8LOOP1   0x000134    program     static C:\Users\febri\MPLABXProjects\MID.X\mid.asm
                  _8LOOP2   0x000130    program     static C:\Users\febri\MPLABXProjects\MID.X\mid.asm
                  _9LOOP1   0x000156    program     static C:\Users\febri\MPLABXProjects\MID.X\mid.asm
                  _9LOOP2   0x000152    program     static C:\Users\febri\MPLABXProjects\MID.X\mid.asm
                      isr   0x0001cc    program     static C:\Users\febri\MPLABXProjects\MID.X\mid.asm
                     loop   0x00003e    program     static C:\Users\febri\MPLABXProjects\MID.X\mid.asm
                 mainLoop   0x0000c2    program     static C:\Users\febri\MPLABXProjects\MID.X\mid.asm
                     next   0x000064    program     static C:\Users\febri\MPLABXProjects\MID.X\mid.asm
                  q_blink   0x0000cc    program     static C:\Users\febri\MPLABXProjects\MID.X\mid.asm
             quotient_neg   0x000054    program     static C:\Users\febri\MPLABXProjects\MID.X\mid.asm
                  r_blink   0x00014c    program     static C:\Users\febri\MPLABXProjects\MID.X\mid.asm
                 testBtn2   0x0001d8    program     static C:\Users\febri\MPLABXProjects\MID.X\mid.asm



                              Symbols - Sorted by Address
                     Name    Address   Location    Storage File                     
                ---------  ---------  ---------  --------- ---------                
                     Init   0x00000a    program     static C:\Users\febri\MPLABXProjects\MID.X\mid.asm
                   Divide   0x00002a    program     static C:\Users\febri\MPLABXProjects\MID.X\mid.asm
                     loop   0x00003e    program     static C:\Users\febri\MPLABXProjects\MID.X\mid.asm
             quotient_neg   0x000054    program     static C:\Users\febri\MPLABXProjects\MID.X\mid.asm
                     next   0x000064    program     static C:\Users\febri\MPLABXProjects\MID.X\mid.asm
                 Transfer   0x000070    program     static C:\Users\febri\MPLABXProjects\MID.X\mid.asm
                 mainLoop   0x0000c2    program     static C:\Users\febri\MPLABXProjects\MID.X\mid.asm
                  q_blink   0x0000cc    program     static C:\Users\febri\MPLABXProjects\MID.X\mid.asm
                  _5LOOP2   0x0000d2    program     static C:\Users\febri\MPLABXProjects\MID.X\mid.asm
                  _5LOOP1   0x0000d6    program     static C:\Users\febri\MPLABXProjects\MID.X\mid.asm
                  _6LOOP2   0x0000f2    program     static C:\Users\febri\MPLABXProjects\MID.X\mid.asm
                  _6LOOP1   0x0000f6    program     static C:\Users\febri\MPLABXProjects\MID.X\mid.asm
                  _7LOOP2   0x000110    program     static C:\Users\febri\MPLABXProjects\MID.X\mid.asm
                  _7LOOP1   0x000114    program     static C:\Users\febri\MPLABXProjects\MID.X\mid.asm
                  _8LOOP2   0x000130    program     static C:\Users\febri\MPLABXProjects\MID.X\mid.asm
                  _8LOOP1   0x000134    program     static C:\Users\febri\MPLABXProjects\MID.X\mid.asm
                  r_blink   0x00014c    program     static C:\Users\febri\MPLABXProjects\MID.X\mid.asm
                  _9LOOP2   0x000152    program     static C:\Users\febri\MPLABXProjects\MID.X\mid.asm
                  _9LOOP1   0x000156    program     static C:\Users\febri\MPLABXProjects\MID.X\mid.asm
                 _10LOOP2   0x000172    program     static C:\Users\febri\MPLABXProjects\MID.X\mid.asm
                 _10LOOP1   0x000176    program     static C:\Users\febri\MPLABXProjects\MID.X\mid.asm
                 _11LOOP2   0x000190    program     static C:\Users\febri\MPLABXProjects\MID.X\mid.asm
                 _11LOOP1   0x000194    program     static C:\Users\febri\MPLABXProjects\MID.X\mid.asm
                 _12LOOP2   0x0001b0    program     static C:\Users\febri\MPLABXProjects\MID.X\mid.asm
                 _12LOOP1   0x0001b4    program     static C:\Users\febri\MPLABXProjects\MID.X\mid.asm
                      isr   0x0001cc    program     static C:\Users\febri\MPLABXProjects\MID.X\mid.asm
                 testBtn2   0x0001d8    program     static C:\Users\febri\MPLABXProjects\MID.X\mid.asm


