MPLINK 5.09, LINKER
Linker Map File - Created Thu Oct 18 15:51:12 2018

                                 Section Info
                  Section       Type    Address   Location Size(Bytes)
                ---------  ---------  ---------  ---------  ---------
                   .org_0       code   0x000000    program   0x000024
                   .cinit    romdata   0x000024    program   0x000002
.config_300001_BUILD/DEFAULT/PRODUCTION/LAB3-2.    romdata   0x300001    program   0x000001
.config_300003_BUILD/DEFAULT/PRODUCTION/LAB3-2.    romdata   0x300003    program   0x000001



                              Program Memory Usage 
                               Start         End      
                           ---------   ---------      
                            0x000000    0x000025      
                            0x300001    0x300001      
                            0x300003    0x300003      
            40 out of 33048 program addresses used, program memory utilization is 0%



                              Symbols - Sorted by Name
                     Name    Address   Location    Storage File                     
                ---------  ---------  ---------  --------- ---------                
                  Initial   0x000020    program     static C:\Users\febri\MPLABXProjects\lab3-2.X\lab3-2.asm
                   Rotate   0x000018    program     static C:\Users\febri\MPLABXProjects\lab3-2.X\lab3-2.asm
                     loop   0x000004    program     static C:\Users\febri\MPLABXProjects\lab3-2.X\lab3-2.asm
                    start   0x000000    program     static C:\Users\febri\MPLABXProjects\lab3-2.X\lab3-2.asm



                              Symbols - Sorted by Address
                     Name    Address   Location    Storage File                     
                ---------  ---------  ---------  --------- ---------                
                    start   0x000000    program     static C:\Users\febri\MPLABXProjects\lab3-2.X\lab3-2.asm
                     loop   0x000004    program     static C:\Users\febri\MPLABXProjects\lab3-2.X\lab3-2.asm
                   Rotate   0x000018    program     static C:\Users\febri\MPLABXProjects\lab3-2.X\lab3-2.asm
                  Initial   0x000020    program     static C:\Users\febri\MPLABXProjects\lab3-2.X\lab3-2.asm


