Microchip MPLAB XC8 Compiler V2.00 ()

Linker command line:

-W-3 --edf=C:\Program Files (x86)\Microchip\xc8\v2.00\pic\dat\en_msgs.txt \
  -cs -h+dist/default/production\FinalExam.X.production.sym \
  --cmf=dist/default/production\FinalExam.X.production.cmf -z -Q18F4520 \
  -oC:\Users\febri\AppData\Local\Temp\s28g.2 --defsym=__MPLAB_BUILD=1 \
  -Mdist/default/production/FinalExam.X.production.map -E1 -ver=XC8 \
  --acfsm=1493 -ASTACK=0DBh-05ffh -pstack=STACK -ACODE=00h-07FFFh \
  -ACONST=00h-07FFFh -ASMALLCONST=0600h-06FFhx122 \
  -AMEDIUMCONST=0600h-07FFFh -ACOMRAM=01h-07Fh -AABS1=00h-05FFh \
  -ABIGRAM=01h-05FFh -ARAM=080h-0FFh,0100h-01FFhx5 -ABANK0=080h-0FFh \
  -ABANK1=0100h-01FFh -ABANK2=0200h-02FFh -ABANK3=0300h-03FFh \
  -ABANK4=0400h-04FFh -ABANK5=0500h-05FFh -ASFR=0F80h-0FFFh \
  -preset_vec=00h,intcode=08h,intcodelo=018h,powerup,init -pramtop=0600h \
  -psmallconst=SMALLCONST -pmediumconst=MEDIUMCONST -pconst=CONST \
  -AFARRAM=00h-00h -ACONFIG=0300000h-030000Dh -pconfig=CONFIG \
  -AIDLOC=0200000h-0200007h -pidloc=IDLOC -AEEDATA=0F00000h-0F000FFh \
  -peeprom_data=EEDATA \
  -prdata=COMRAM,nvrram=COMRAM,nvbit=COMRAM,rbss=COMRAM,rbit=COMRAM \
  -pfarbss=FARRAM,fardata=FARRAM,nvFARRAM=FARRAM \
  -pintsave_regs=BIGRAM,bigbss=BIGRAM,bigdata=BIGRAM -pbss=RAM \
  -pidata=CODE,irdata=CODE,ibigdata=CODE,ifardata=CODE -prparam=COMRAM \
  C:\Users\febri\AppData\Local\Temp\s28g.o \
  dist/default/production\FinalExam.X.production.o 

Object code version is 3.11

Machine type is 18F4520

Call graph: (short form)




                Name                               Link     Load   Length Selector   Space Scale
C:\Users\febri\AppData\Local\Temp\s28g.o
                init                                1FA      1FA        4        C       0
                reset_vec                             0        0        4        0       0
                idloc                            200000   200000        8   200000       0
                config                           300000   300000        E   300000       0
dist/default/production\FinalExam.X.production.o
                intcodelo                            18       18      1E2        C       0
                intcode                               8        8        6        4       0
                temp                                 5A       5A        1        1       1
                smallconst                          600      600       12      300       0
                text26                             1318     1318       58      309       0
                text25                             13C6     13C6       56      309       0
                text24                              B14      B14       FC      309       0
                text23                              E9E      E9E       D8      309       0
                intcode_body                        7EE      7EE      12C      309       0
                text21                             1526     1526       1E      309       0
                text20                              DC6      DC6       D8      309       0
                text19                             141C     141C       48      309       0
                text18                             10B6     10B6       88      309       0
                text17                             14DA     14DA       2A      309       0
                text16                              612      612      1DC      309       0
                text15                             12C0     12C0       58      309       0
                text14                             1370     1370       56      309       0
                text13                              A18      A18       FC      309       0
                text12                              CEE      CEE       D8      309       0
                text10                             154E     154E        8      309       0
                text9                              113E     113E       6C      309       0
                text8                               F76      F76       B0      309       0
                text7                              14A2     14A2       38      309       0
                text6                              1544     1544        A      309       0
                text5                              1504     1504       22      309       0
                text4                              1266     1266       5A      309       0
                text3                              120C     120C       5A      309       0
                text2                               91A      91A       FE      309       0
                text1                               C10      C10       DE      309       0
                text0                              1026     1026       90      309       0
                cstackCOMRAM                          1        1       47        1       1
                cstackBANK0                          BE       BE       13       80       1
                dataBANK0                            80       80       3E       80       1
                bssBANK0                             D1       D1        A       80       1
                dataCOMRAM                           58       58        2        1       1
                bssCOMRAM                            48       48       10        1       1
                cinit                              11AA     11AA       62      309       0
                idataBANK0                         1464     1464       3E      309       0
                idataCOMRAM                        1556     1556        2      309       0

TOTAL           Name                               Link     Load   Length     Space
        CLASS   STACK          

        CLASS   CODE           
                intcodelo                            18       18      1E2         0
                intcode                               8        8        6         0
                init                                1FA      1FA        4         0
                reset_vec                             0        0        4         0
                text26                             1318     1318       58         0
                text25                             13C6     13C6       56         0
                text24                              B14      B14       FC         0
                text23                              E9E      E9E       D8         0
                intcode_body                        7EE      7EE      12C         0
                text21                             1526     1526       1E         0
                text20                              DC6      DC6       D8         0
                text19                             141C     141C       48         0
                text18                             10B6     10B6       88         0
                text17                             14DA     14DA       2A         0
                text16                              612      612      1DC         0
                text15                             12C0     12C0       58         0
                text14                             1370     1370       56         0
                text13                              A18      A18       FC         0
                text12                              CEE      CEE       D8         0
                text10                             154E     154E        8         0
                text9                              113E     113E       6C         0
                text8                               F76      F76       B0         0
                text7                              14A2     14A2       38         0
                text6                              1544     1544        A         0
                text5                              1504     1504       22         0
                text4                              1266     1266       5A         0
                text3                              120C     120C       5A         0
                text2                               91A      91A       FE         0
                text1                               C10      C10       DE         0
                text0                              1026     1026       90         0
                cinit                              11AA     11AA       62         0
                idataBANK0                         1464     1464       3E         0
                idataCOMRAM                        1556     1556        2         0

        CLASS   CONST          

        CLASS   SMALLCONST     
                smallconst                          600      600       12         0

        CLASS   MEDIUMCONST    

        CLASS   COMRAM         
                temp                                 5A       5A        1         1
                cstackCOMRAM                          1        1       47         1
                dataCOMRAM                           58       58        2         1
                bssCOMRAM                            48       48       10         1

        CLASS   ABS1           

        CLASS   BIGRAM         

        CLASS   RAM            

        CLASS   BANK0          
                cstackBANK0                          BE       BE       13         1
                dataBANK0                            80       80       3E         1
                bssBANK0                             D1       D1        A         1

        CLASS   BANK1          

        CLASS   BANK2          

        CLASS   BANK3          

        CLASS   BANK4          

        CLASS   BANK5          

        CLASS   SFR            

        CLASS   FARRAM         

        CLASS   CONFIG         
                config                           300000   300000        E         0

        CLASS   IDLOC          
                idloc                            200000   200000        8         0

        CLASS   EEDATA         



SEGMENTS        Name                           Load    Length   Top    Selector   Space  Class

                reset_vec                      000000  000004  000004         0       0  CODE    
                cstackCOMRAM                   000001  00005A  00005B         1       1  COMRAM  
                intcode                        000008  000006  00000E         4       0  CODE    
                intcodelo                      000018  0001E6  0001FE         C       0  CODE    
                dataBANK0                      000080  00005B  0000DB        80       1  BANK0   
                smallconst                     000600  000012  000612       300       0  SMALLCON
                text16                         000612  000F46  001558       309       0  CODE    
                idloc                          200000  000008  200008    200000       0  IDLOC   
                config                         300000  00000E  30000E    300000       0  CONFIG  


UNUSED ADDRESS RANGES

        Name                Unused          Largest block    Delta
        BANK0            0000DB-0000FF               25
        BANK1            000100-0001FF              100
        BANK2            000200-0002FF              100
        BANK3            000300-0003FF              100
        BANK4            000400-0004FF              100
        BANK5            000500-0005FF              100
        BIGRAM           00005B-00007F               25
                         0000DB-0005FF              525
        CODE             000004-000007                4
                         00000E-000017                A
                         0001FE-0005FF              402
                         001558-007FFF             6AA8
        COMRAM           00005B-00007F               25
        CONST            000004-000007                4
                         00000E-000017                A
                         0001FE-0005FF              402
                         001558-007FFF             6AA8
        EEDATA           F00000-F000FF              100
        MEDIUMCONST      001558-007FFF             6AA8
        RAM              0000DB-0005FF              100
        SFR              000F80-000FFF               80
        SMALLCONST       001558-007FFF              100
        STACK            0000DB-0005FF              525

                                  Symbol Table

?___awmod                      cstackCOMRAM 00001B
?___lwdiv                      cstackCOMRAM 000021
?___wmul                       cstackCOMRAM 00001B
?___xxtofl                     cstackCOMRAM 000028
?_strchr                       cstackBANK0  0000BE
?_strlen                       cstackBANK0  0000BE
?_strncmp                      cstackBANK0  0000BE
?_strstr                       cstackBANK0  0000CB
?i1_strchr                     cstackCOMRAM 00001B
?i1_strlen                     cstackCOMRAM 00001B
?i1_strncmp                    cstackCOMRAM 00001B
?i1_strstr                     cstackCOMRAM 000028
?i2_strchr                     cstackCOMRAM 000001
?i2_strlen                     cstackCOMRAM 000001
?i2_strncmp                    cstackCOMRAM 000001
?i2_strstr                     cstackCOMRAM 00000E
ClearBuffer@i                  cstackBANK0  0000BE
Lo_ISR@temp                    cstackCOMRAM 000042
UART_Write@data                cstackCOMRAM 00001B
_ADRES                         (abs)        000FC3
_BAUDCONbits                   (abs)        000FB8
_CCP1CONbits                   (abs)        000FBD
_CCPR1L                        (abs)        000FBE
_CREN                          (abs)        007D5C
_ClearBuffer                   text9        00113E
_Hi_ISR                        intcode      000008
_INTCONbits                    (abs)        000FF2
_INTERRUPT_Initialize          text10       00154E
_IPR1bits                      (abs)        000F9F
_IRCF0                         (abs)        007E9C
_IRCF1                         (abs)        007E9D
_IRCF2                         (abs)        007E9E
_LATCbits                      (abs)        000F8B
_LATDbits                      (abs)        000F8C
_LED_Init                      text7        0014A2
_Lo_ISR                        intcodelo    000018
_Lo_ISR$1501                   cstackCOMRAM 000046
_ModeBlink                     text8        000F76
_ModeBreath                    text6        001544
_MyusartRead                   text19       00141C
_PIE1bits                      (abs)        000F9D
_PIR1bits                      (abs)        000F9E
_PR2                           (abs)        000FCB
_RCIF                          (abs)        007CF5
_RCONbits                      (abs)        000FD0
_RCREG                         (abs)        000FAE
_RCSTAbits                     (abs)        000FAB
_SPBRG                         (abs)        000FAF
_T1CON                         (abs)        000FCD
_T1CONbits                     (abs)        000FCD
_T2CON                         (abs)        000FCA
_TMR0L                         (abs)        000FD6
_TMR1                          (abs)        000FCE
_TMR1H                         (abs)        000FCF
_TMR1IF                        (abs)        007CF0
_TMR1ON                        (abs)        007E68
_TMR2                          (abs)        000FCC
_TMR2ON                        (abs)        007E52
_TRISCbits                     (abs)        000F94
_TRISDbits                     (abs)        000F95
_TXREG                         (abs)        000FAD
_TXSTAbits                     (abs)        000FAC
_UART_Initialize               text5        001504
_UART_Write                    text21       001526
__CFG_BOREN$SBORDIS            (abs)        000000
__CFG_BORV$3                   (abs)        000000
__CFG_CCP2MX$PORTC             (abs)        000000
__CFG_CP0$OFF                  (abs)        000000
__CFG_CP1$OFF                  (abs)        000000
__CFG_CP2$OFF                  (abs)        000000
__CFG_CP3$OFF                  (abs)        000000
__CFG_CPB$OFF                  (abs)        000000
__CFG_CPD$OFF                  (abs)        000000
__CFG_EBTR0$OFF                (abs)        000000
__CFG_EBTR1$OFF                (abs)        000000
__CFG_EBTR2$OFF                (abs)        000000
__CFG_EBTR3$OFF                (abs)        000000
__CFG_EBTRB$OFF                (abs)        000000
__CFG_FCMEN$OFF                (abs)        000000
__CFG_IESO$ON                  (abs)        000000
__CFG_LPT1OSC$OFF              (abs)        000000
__CFG_LVP$OFF                  (abs)        000000
__CFG_MCLRE$ON                 (abs)        000000
__CFG_OSC$INTIO67              (abs)        000000
__CFG_PBADEN$ON                (abs)        000000
__CFG_PWRT$OFF                 (abs)        000000
__CFG_STVREN$ON                (abs)        000000
__CFG_WDT$OFF                  (abs)        000000
__CFG_WDTPS$1                  (abs)        000000
__CFG_WRT0$OFF                 (abs)        000000
__CFG_WRT1$OFF                 (abs)        000000
__CFG_WRT2$OFF                 (abs)        000000
__CFG_WRT3$OFF                 (abs)        000000
__CFG_WRTB$OFF                 (abs)        000000
__CFG_WRTC$OFF                 (abs)        000000
__CFG_WRTD$OFF                 (abs)        000000
__CFG_XINST$OFF                (abs)        000000
__HRAM                         (abs)        000000
__Habs1                        abs1         000000
__Hbank0                       bank0        000000
__Hbank1                       bank1        000000
__Hbank2                       bank2        000000
__Hbank3                       bank3        000000
__Hbank4                       bank4        000000
__Hbank5                       bank5        000000
__Hbigbss                      bigbss       000000
__Hbigdata                     bigdata      000000
__Hbigram                      bigram       000000
__Hbss                         bss          000000
__HbssBANK0                    bssBANK0     000000
__HbssCOMRAM                   bssCOMRAM    000000
__Hcinit                       cinit        000000
__Hclrtext                     clrtext      000000
__Hcomram                      comram       000000
__Hconfig                      config       30000E
__Hconst                       const        000000
__HcstackBANK0                 cstackBANK0  000000
__HcstackCOMRAM                cstackCOMRAM 000000
__Hdata                        data         000000
__HdataBANK0                   dataBANK0    000000
__HdataCOMRAM                  dataCOMRAM   000000
__Heeprom_data                 eeprom_data  000000
__Hfarbss                      farbss       000000
__Hfardata                     fardata      000000
__Hibigdata                    ibigdata     000000
__Hidata                       idata        000000
__HidataBANK0                  idataBANK0   000000
__HidataCOMRAM                 idataCOMRAM  000000
__Hidloc                       idloc        200008
__Hifardata                    ifardata     000000
__Hinit                        init         0001FE
__Hintcode                     intcode      00000E
__Hintcode_body                intcode_body 000000
__Hintcodelo                   intcodelo    0001FA
__Hintentry                    intentry     000000
__Hintret                      intret       000000
__Hintsave_regs                intsave_regs 000000
__Hirdata                      irdata       000000
__Hmediumconst                 mediumconst  000000
__HnvFARRAM                    nvFARRAM     000000
__Hnvbit                       nvbit        000000
__Hnvrram                      nvrram       000000
__Hparam                       rparam       000000
__Hpowerup                     powerup      0001FA
__Hram                         ram          000000
__Hramtop                      ramtop       000600
__Hrbit                        rbit         000000
__Hrbss                        rbss         000000
__Hrdata                       rdata        000000
__Hreset_vec                   reset_vec    000004
__Hrparam                      rparam       000000
__Hsfr                         sfr          000000
__Hsmallconst                  smallconst   000612
__Hspace_0                     (abs)        30000E
__Hspace_1                     (abs)        0000DB
__Hspace_2                     (abs)        000000
__Hstack                       stack        000000
__Hstruct                      struct       000000
__Htemp                        temp         00005B
__Htext                        text         000000
__Htext0                       text0        000000
__Htext1                       text1        000000
__Htext10                      text10       000000
__Htext12                      text12       000000
__Htext13                      text13       000000
__Htext14                      text14       000000
__Htext15                      text15       000000
__Htext16                      text16       000000
__Htext17                      text17       000000
__Htext18                      text18       000000
__Htext19                      text19       000000
__Htext2                       text2        000000
__Htext20                      text20       000000
__Htext21                      text21       000000
__Htext23                      text23       000000
__Htext24                      text24       000000
__Htext25                      text25       000000
__Htext26                      text26       000000
__Htext3                       text3        000000
__Htext4                       text4        000000
__Htext5                       text5        000000
__Htext6                       text6        000000
__Htext7                       text7        000000
__Htext8                       text8        000000
__Htext9                       text9        000000
__LRAM                         (abs)        000001
__Labs1                        abs1         000000
__Lbank0                       bank0        000000
__Lbank1                       bank1        000000
__Lbank2                       bank2        000000
__Lbank3                       bank3        000000
__Lbank4                       bank4        000000
__Lbank5                       bank5        000000
__Lbigbss                      bigbss       000000
__Lbigdata                     bigdata      000000
__Lbigram                      bigram       000000
__Lbss                         bss          000000
__LbssBANK0                    bssBANK0     000000
__LbssCOMRAM                   bssCOMRAM    000000
__Lcinit                       cinit        000000
__Lclrtext                     clrtext      000000
__Lcomram                      comram       000000
__Lconfig                      config       300000
__Lconst                       const        000000
__LcstackBANK0                 cstackBANK0  000000
__LcstackCOMRAM                cstackCOMRAM 000000
__Ldata                        data         000000
__LdataBANK0                   dataBANK0    000000
__LdataCOMRAM                  dataCOMRAM   000000
__Leeprom_data                 eeprom_data  000000
__Lfarbss                      farbss       000000
__Lfardata                     fardata      000000
__Libigdata                    ibigdata     000000
__Lidata                       idata        000000
__LidataBANK0                  idataBANK0   000000
__LidataCOMRAM                 idataCOMRAM  000000
__Lidloc                       idloc        200000
__Lifardata                    ifardata     000000
__Linit                        init         0001FA
__Lintcode                     intcode      000008
__Lintcode_body                intcode_body 000000
__Lintcodelo                   intcodelo    000018
__Lintentry                    intentry     000000
__Lintret                      intret       000000
__Lintsave_regs                intsave_regs 000000
__Lirdata                      irdata       000000
__Lmediumconst                 mediumconst  000000
__LnvFARRAM                    nvFARRAM     000000
__Lnvbit                       nvbit        000000
__Lnvrram                      nvrram       000000
__Lparam                       rparam       000000
__Lpowerup                     powerup      0001FA
__Lram                         ram          000000
__Lramtop                      ramtop       000600
__Lrbit                        rbit         000000
__Lrbss                        rbss         000000
__Lrdata                       rdata        000000
__Lreset_vec                   reset_vec    000000
__Lrparam                      rparam       000000
__Lsfr                         sfr          000000
__Lsmallconst                  smallconst   000600
__Lspace_0                     (abs)        000000
__Lspace_1                     (abs)        000000
__Lspace_2                     (abs)        000000
__Lstack                       stack        000000
__Lstruct                      struct       000000
__Ltemp                        temp         00005A
__Ltext                        text         000000
__Ltext0                       text0        000000
__Ltext1                       text1        000000
__Ltext10                      text10       000000
__Ltext12                      text12       000000
__Ltext13                      text13       000000
__Ltext14                      text14       000000
__Ltext15                      text15       000000
__Ltext16                      text16       000000
__Ltext17                      text17       000000
__Ltext18                      text18       000000
__Ltext19                      text19       000000
__Ltext2                       text2        000000
__Ltext20                      text20       000000
__Ltext21                      text21       000000
__Ltext23                      text23       000000
__Ltext24                      text24       000000
__Ltext25                      text25       000000
__Ltext26                      text26       000000
__Ltext3                       text3        000000
__Ltext4                       text4        000000
__Ltext5                       text5        000000
__Ltext6                       text6        000000
__Ltext7                       text7        000000
__Ltext8                       text8        000000
__Ltext9                       text9        000000
__S0                           (abs)        30000E
__S1                           (abs)        0000DB
__S2                           (abs)        000000
___awmod                       text20       000DC6
___awmod@counter               cstackCOMRAM 00001F
___awmod@dividend              cstackCOMRAM 00001B
___awmod@divisor               cstackCOMRAM 00001D
___awmod@sign                  cstackCOMRAM 000020
___inthi_sp                    stack        000000
___intlo_sp                    stack        000000
___lwdiv                       text18       0010B6
___lwdiv@counter               cstackCOMRAM 000027
___lwdiv@dividend              cstackCOMRAM 000021
___lwdiv@divisor               cstackCOMRAM 000023
___lwdiv@quotient              cstackCOMRAM 000025
___param_bank                  (abs)        000000
___rparam_used                 (abs)        000001
___sp                          stack        000000
___wmul                        text17       0014DA
___wmul@multiplicand           cstackCOMRAM 00001D
___wmul@multiplier             cstackCOMRAM 00001B
___wmul@product                cstackCOMRAM 00001F
___xxtofl                      text16       000612
___xxtofl@arg                  cstackCOMRAM 000032
___xxtofl@exp                  cstackCOMRAM 000031
___xxtofl@sign                 cstackCOMRAM 000030
___xxtofl@val                  cstackCOMRAM 000028
__accesstop                    (abs)        000080
__activetblptr                 (abs)        000001
__end_of_ClearBuffer           text9        0011AA
__end_of_Hi_ISR                intcode_body 00091A
__end_of_INTERRUPT_Initialize  text10       001556
__end_of_LED_Init              text7        0014DA
__end_of_Lo_ISR                intcodelo    0001FA
__end_of_ModeBlink             text8        001026
__end_of_ModeBreath            text6        00154E
__end_of_MyusartRead           text19       001464
__end_of_UART_Initialize       text5        001526
__end_of_UART_Write            text21       001544
__end_of___awmod               text20       000E9E
__end_of___lwdiv               text18       00113E
__end_of___wmul                text17       001504
__end_of___xxtofl              text16       0007EE
__end_of__initialization       cinit        0011FA
__end_of_main                  text0        0010B6
__end_of_strchr                text4        0012C0
__end_of_strlen                text3        001266
__end_of_strncmp               text2        000A18
__end_of_strstr                text1        000CEE
__end_ofi1_strchr              text15       001318
__end_ofi1_strlen              text14       0013C6
__end_ofi1_strncmp             text13       000B14
__end_ofi1_strstr              text12       000DC6
__end_ofi2_strchr              text26       001370
__end_ofi2_strlen              text25       00141C
__end_ofi2_strncmp             text24       000C10
__end_ofi2_strstr              text23       000F76
__initialization               cinit        0011AA
__mediumconst                  mediumconst  000000
__pbssBANK0                    bssBANK0     0000D1
__pbssCOMRAM                   bssCOMRAM    000048
__pcinit                       cinit        0011AA
__pcstackBANK0                 cstackBANK0  0000BE
__pcstackCOMRAM                cstackCOMRAM 000001
__pdataBANK0                   dataBANK0    000080
__pdataCOMRAM                  dataCOMRAM   000058
__pidataBANK0                  idataBANK0   001464
__pidataCOMRAM                 idataCOMRAM  001556
__pintcode                     intcode      000008
__pintcode_body                intcode_body 0007EE
__pintcodelo                   intcodelo    000018
__psmallconst                  smallconst   000600
__ptext0                       text0        001026
__ptext1                       text1        000C10
__ptext10                      text10       00154E
__ptext12                      text12       000CEE
__ptext13                      text13       000A18
__ptext14                      text14       001370
__ptext15                      text15       0012C0
__ptext16                      text16       000612
__ptext17                      text17       0014DA
__ptext18                      text18       0010B6
__ptext19                      text19       00141C
__ptext2                       text2        00091A
__ptext20                      text20       000DC6
__ptext21                      text21       001526
__ptext23                      text23       000E9E
__ptext24                      text24       000B14
__ptext25                      text25       0013C6
__ptext26                      text26       001318
__ptext3                       text3        00120C
__ptext4                       text4        001266
__ptext5                       text5        001504
__ptext6                       text6        001544
__ptext7                       text7        0014A2
__ptext8                       text8        000F76
__ptext9                       text9        00113E
__ramtop                       ramtop       000600
__size_of_ClearBuffer          (abs)        000000
__size_of_Hi_ISR               (abs)        000000
__size_of_INTERRUPT_Initialize (abs)        000000
__size_of_LED_Init             (abs)        000000
__size_of_Lo_ISR               (abs)        000000
__size_of_ModeBlink            (abs)        000000
__size_of_ModeBreath           (abs)        000000
__size_of_MyusartRead          (abs)        000000
__size_of_UART_Initialize      (abs)        000000
__size_of_UART_Write           (abs)        000000
__size_of___awmod              (abs)        000000
__size_of___lwdiv              (abs)        000000
__size_of___wmul               (abs)        000000
__size_of___xxtofl             (abs)        000000
__size_of_main                 (abs)        000000
__size_of_strchr               (abs)        000000
__size_of_strlen               (abs)        000000
__size_of_strncmp              (abs)        000000
__size_of_strstr               (abs)        000000
__size_ofi1_strchr             (abs)        000000
__size_ofi1_strlen             (abs)        000000
__size_ofi1_strncmp            (abs)        000000
__size_ofi1_strstr             (abs)        000000
__size_ofi2_strchr             (abs)        000000
__size_ofi2_strlen             (abs)        000000
__size_ofi2_strncmp            (abs)        000000
__size_ofi2_strstr             (abs)        000000
__smallconst                   smallconst   000600
_count                         bssCOMRAM    000054
_lenStr                        bssCOMRAM    000056
_main                          text0        001026
_max_count                     dataCOMRAM   000058
_mode                          bssCOMRAM    000052
_mystring                      bssBANK0     0000D1
_num_led                       dataBANK0    0000BC
_per_arrp                      dataBANK0    000080
_str                           bssCOMRAM    000048
_strchr                        text4        001266
_strlen                        text3        00120C
_strncmp                       text2        00091A
_strstr                        text1        000C10
btemp                          temp         00005A
end_of_initialization          cinit        0011FA
i1_strchr                      text15       0012C0
i1_strlen                      text14       001370
i1_strncmp                     text13       000A18
i1_strstr                      text12       000CEE
i1strchr@c                     cstackCOMRAM 00001D
i1strchr@s                     cstackCOMRAM 00001B
i1strlen@a                     cstackCOMRAM 00001F
i1strlen@s                     cstackCOMRAM 00001B
i1strncmp@_l                   cstackCOMRAM 00001B
i1strncmp@_r                   cstackCOMRAM 00001D
i1strncmp@l                    cstackCOMRAM 000024
i1strncmp@n                    cstackCOMRAM 00001F
i1strncmp@r                    cstackCOMRAM 000026
i1strstr@h                     cstackCOMRAM 000028
i1strstr@n                     cstackCOMRAM 00002A
i1strstr@nl                    cstackCOMRAM 00002C
i2_strchr                      text26       001318
i2_strlen                      text25       0013C6
i2_strncmp                     text24       000B14
i2_strstr                      text23       000E9E
i2strchr@c                     cstackCOMRAM 000003
i2strchr@s                     cstackCOMRAM 000001
i2strlen@a                     cstackCOMRAM 000005
i2strlen@s                     cstackCOMRAM 000001
i2strncmp@_l                   cstackCOMRAM 000001
i2strncmp@_r                   cstackCOMRAM 000003
i2strncmp@l                    cstackCOMRAM 00000A
i2strncmp@n                    cstackCOMRAM 000005
i2strncmp@r                    cstackCOMRAM 00000C
i2strstr@h                     cstackCOMRAM 00000E
i2strstr@n                     cstackCOMRAM 000010
i2strstr@nl                    cstackCOMRAM 000012
int$flags                      temp         00005A
int_func                       intcode_body 0007EE
intlevel0                      text         000000
intlevel1                      text         000000
intlevel2                      text         000000
intlevel3                      text         000000
stackhi                        (abs)        0005FF
stacklo                        (abs)        0000DB
start                          init         0001FA
start_initialization           cinit        0011AA
strchr@c                       cstackBANK0  0000C0
strchr@s                       cstackBANK0  0000BE
strlen@a                       cstackBANK0  0000C2
strlen@s                       cstackBANK0  0000BE
strncmp@_l                     cstackBANK0  0000BE
strncmp@_r                     cstackBANK0  0000C0
strncmp@l                      cstackBANK0  0000C7
strncmp@n                      cstackBANK0  0000C2
strncmp@r                      cstackBANK0  0000C9
strstr@h                       cstackBANK0  0000CB
strstr@n                       cstackBANK0  0000CD
strstr@nl                      cstackBANK0  0000CF
ttemp5                         temp         00005B
ttemp6                         temp         00005E
ttemp7                         temp         000062
wtemp8                         temp         00005B


FUNCTION INFORMATION:

 *************** function _main *****************
 Defined at:
		line 130 in file "Prob1.c"
 Parameters:    Size  Location     Type
		None
 Auto vars:     Size  Location     Type
		None
 Return value:  Size  Location     Type
                  1    wreg      void 
 Registers used:
		wreg, fsr2l, fsr2h, status,2, status,0, tblptrl, tblptrh, tblptru, cstack
 Tracked objects:
		On entry : 
		On exit  : 
		Unchanged: 
 Data sizes:     COMRAM   BANK0   BANK1   BANK2   BANK3   BANK4   BANK5
      Params:         0       0       0       0       0       0       0
      Locals:         0       0       0       0       0       0       0
      Temps:          0       0       0       0       0       0       0
      Totals:         0       0       0       0       0       0       0
Total ram usage:        0 bytes
 Hardware stack levels required when called:    8
 This function calls:
		_ClearBuffer
		_INTERRUPT_Initialize
		_ModeBlink
		_ModeBreath
		_UART_Initialize
		_strstr
 This function is called by:
		Startup code after reset
 This function uses a non-reentrant model


 *************** function _strstr *****************
 Defined at:
		line 143 in file "C:\Program Files (x86)\Microchip\xc8\v2.00\pic\sources\c99\common\strstr.c"
 Parameters:    Size  Location     Type
  h               2   13[BANK0 ] PTR const unsigned char 
		 -> NULL(0), mystring(10), 
  n               2   15[BANK0 ] PTR const unsigned char 
		 -> STR_4(2), STR_3(2), STR_2(6), STR_1(7), 
 Auto vars:     Size  Location     Type
  nl              2   17[BANK0 ] unsigned int 
 Return value:  Size  Location     Type
                  2   13[BANK0 ] PTR unsigned char 
 Registers used:
		wreg, fsr2l, fsr2h, status,2, status,0, tblptrl, tblptrh, tblptru, cstack
 Tracked objects:
		On entry : 
		On exit  : 
		Unchanged: 
 Data sizes:     COMRAM   BANK0   BANK1   BANK2   BANK3   BANK4   BANK5
      Params:         0       4       0       0       0       0       0
      Locals:         0       2       0       0       0       0       0
      Temps:          0       0       0       0       0       0       0
      Totals:         0       6       0       0       0       0       0
Total ram usage:        6 bytes
 Hardware stack levels used:    1
 Hardware stack levels required when called:    7
 This function calls:
		_strchr
		_strlen
		_strncmp
 This function is called by:
		_main
 This function uses a non-reentrant model


 *************** function _strncmp *****************
 Defined at:
		line 3 in file "C:\Program Files (x86)\Microchip\xc8\v2.00\pic\sources\c99\common\strncmp.c"
 Parameters:    Size  Location     Type
  _l              2    0[BANK0 ] PTR const unsigned char 
		 -> NULL(0), mystring(10), 
  _r              2    2[BANK0 ] PTR const unsigned char 
		 -> STR_4(2), STR_3(2), STR_2(6), STR_1(7), 
  n               2    4[BANK0 ] unsigned int 
 Auto vars:     Size  Location     Type
  r               2   11[BANK0 ] PTR const unsigned char 
		 -> STR_4(2), STR_3(2), STR_2(6), STR_1(7), 
  l               2    9[BANK0 ] PTR const unsigned char 
		 -> NULL(0), mystring(10), 
 Return value:  Size  Location     Type
                  2    0[BANK0 ] int 
 Registers used:
		wreg, fsr2l, fsr2h, status,2, status,0, tblptrl, tblptrh, tblptru
 Tracked objects:
		On entry : 
		On exit  : 
		Unchanged: 
 Data sizes:     COMRAM   BANK0   BANK1   BANK2   BANK3   BANK4   BANK5
      Params:         0       6       0       0       0       0       0
      Locals:         0       4       0       0       0       0       0
      Temps:          0       3       0       0       0       0       0
      Totals:         0      13       0       0       0       0       0
Total ram usage:       13 bytes
 Hardware stack levels used:    1
 Hardware stack levels required when called:    6
 This function calls:
		Nothing
 This function is called by:
		_strstr
 This function uses a non-reentrant model


 *************** function _strlen *****************
 Defined at:
		line 12 in file "C:\Program Files (x86)\Microchip\xc8\v2.00\pic\sources\c99\common\strlen.c"
 Parameters:    Size  Location     Type
  s               2    0[BANK0 ] PTR const unsigned char 
		 -> STR_4(2), STR_3(2), STR_2(6), STR_1(7), 
 Auto vars:     Size  Location     Type
  a               2    4[BANK0 ] PTR const unsigned char 
		 -> STR_4(2), STR_3(2), STR_2(6), STR_1(7), 
 Return value:  Size  Location     Type
                  2    0[BANK0 ] unsigned int 
 Registers used:
		wreg, status,2, status,0, tblptrl, tblptrh, tblptru
 Tracked objects:
		On entry : 
		On exit  : 
		Unchanged: 
 Data sizes:     COMRAM   BANK0   BANK1   BANK2   BANK3   BANK4   BANK5
      Params:         0       2       0       0       0       0       0
      Locals:         0       2       0       0       0       0       0
      Temps:          0       2       0       0       0       0       0
      Totals:         0       6       0       0       0       0       0
Total ram usage:        6 bytes
 Hardware stack levels used:    1
 Hardware stack levels required when called:    6
 This function calls:
		Nothing
 This function is called by:
		_strstr
 This function uses a non-reentrant model


 *************** function _strchr *****************
 Defined at:
		line 7 in file "C:\Program Files (x86)\Microchip\xc8\v2.00\pic\sources\c99\common\strchr.c"
 Parameters:    Size  Location     Type
  s               2    0[BANK0 ] PTR const unsigned char 
		 -> NULL(0), mystring(10), 
  c               2    2[BANK0 ] int 
 Auto vars:     Size  Location     Type
		None
 Return value:  Size  Location     Type
                  2    0[BANK0 ] PTR unsigned char 
 Registers used:
		wreg, fsr2l, fsr2h, status,2, status,0
 Tracked objects:
		On entry : 
		On exit  : 
		Unchanged: 
 Data sizes:     COMRAM   BANK0   BANK1   BANK2   BANK3   BANK4   BANK5
      Params:         0       4       0       0       0       0       0
      Locals:         0       0       0       0       0       0       0
      Temps:          0       1       0       0       0       0       0
      Totals:         0       5       0       0       0       0       0
Total ram usage:        5 bytes
 Hardware stack levels used:    1
 Hardware stack levels required when called:    6
 This function calls:
		Nothing
 This function is called by:
		_strstr
 This function uses a non-reentrant model


 *************** function _UART_Initialize *****************
 Defined at:
		line 199 in file "Prob1.c"
 Parameters:    Size  Location     Type
		None
 Auto vars:     Size  Location     Type
		None
 Return value:  Size  Location     Type
                  1    wreg      void 
 Registers used:
		wreg, status,2
 Tracked objects:
		On entry : 
		On exit  : 
		Unchanged: 
 Data sizes:     COMRAM   BANK0   BANK1   BANK2   BANK3   BANK4   BANK5
      Params:         0       0       0       0       0       0       0
      Locals:         0       0       0       0       0       0       0
      Temps:          0       0       0       0       0       0       0
      Totals:         0       0       0       0       0       0       0
Total ram usage:        0 bytes
 Hardware stack levels used:    1
 Hardware stack levels required when called:    6
 This function calls:
		Nothing
 This function is called by:
		_main
 This function uses a non-reentrant model


 *************** function _ModeBreath *****************
 Defined at:
		line 97 in file "Prob1.c"
 Parameters:    Size  Location     Type
		None
 Auto vars:     Size  Location     Type
		None
 Return value:  Size  Location     Type
                  1    wreg      void 
 Registers used:
		wreg, fsr2l, fsr2h, status,2, status,0, cstack
 Tracked objects:
		On entry : 
		On exit  : 
		Unchanged: 
 Data sizes:     COMRAM   BANK0   BANK1   BANK2   BANK3   BANK4   BANK5
      Params:         0       0       0       0       0       0       0
      Locals:         0       0       0       0       0       0       0
      Temps:          0       0       0       0       0       0       0
      Totals:         0       0       0       0       0       0       0
Total ram usage:        0 bytes
 Hardware stack levels used:    1
 Hardware stack levels required when called:    7
 This function calls:
		_ClearBuffer
		_LED_Init
 This function is called by:
		_main
 This function uses a non-reentrant model


 *************** function _LED_Init *****************
 Defined at:
		line 306 in file "Prob1.c"
 Parameters:    Size  Location     Type
		None
 Auto vars:     Size  Location     Type
		None
 Return value:  Size  Location     Type
                  1    wreg      void 
 Registers used:
		wreg, status,2
 Tracked objects:
		On entry : 
		On exit  : 
		Unchanged: 
 Data sizes:     COMRAM   BANK0   BANK1   BANK2   BANK3   BANK4   BANK5
      Params:         0       0       0       0       0       0       0
      Locals:         0       0       0       0       0       0       0
      Temps:          0       0       0       0       0       0       0
      Totals:         0       0       0       0       0       0       0
Total ram usage:        0 bytes
 Hardware stack levels used:    1
 Hardware stack levels required when called:    6
 This function calls:
		Nothing
 This function is called by:
		_ModeBreath
 This function uses a non-reentrant model


 *************** function _ModeBlink *****************
 Defined at:
		line 103 in file "Prob1.c"
 Parameters:    Size  Location     Type
		None
 Auto vars:     Size  Location     Type
		None
 Return value:  Size  Location     Type
                  1    wreg      void 
 Registers used:
		wreg, fsr2l, fsr2h, status,2, status,0, cstack
 Tracked objects:
		On entry : 
		On exit  : 
		Unchanged: 
 Data sizes:     COMRAM   BANK0   BANK1   BANK2   BANK3   BANK4   BANK5
      Params:         0       0       0       0       0       0       0
      Locals:         0       0       0       0       0       0       0
      Temps:          0       0       0       0       0       0       0
      Totals:         0       0       0       0       0       0       0
Total ram usage:        0 bytes
 Hardware stack levels used:    1
 Hardware stack levels required when called:    7
 This function calls:
		_ClearBuffer
 This function is called by:
		_main
 This function uses a non-reentrant model


 *************** function _ClearBuffer *****************
 Defined at:
		line 244 in file "Prob1.c"
 Parameters:    Size  Location     Type
		None
 Auto vars:     Size  Location     Type
  i               2    0[BANK0 ] int 
 Return value:  Size  Location     Type
                  1    wreg      void 
 Registers used:
		wreg, fsr2l, fsr2h, status,2, status,0
 Tracked objects:
		On entry : 
		On exit  : 
		Unchanged: 
 Data sizes:     COMRAM   BANK0   BANK1   BANK2   BANK3   BANK4   BANK5
      Params:         0       0       0       0       0       0       0
      Locals:         0       2       0       0       0       0       0
      Temps:          0       0       0       0       0       0       0
      Totals:         0       2       0       0       0       0       0
Total ram usage:        2 bytes
 Hardware stack levels used:    1
 Hardware stack levels required when called:    6
 This function calls:
		Nothing
 This function is called by:
		_ModeBreath
		_ModeBlink
		_main
 This function uses a non-reentrant model


 *************** function _INTERRUPT_Initialize *****************
 Defined at:
		line 192 in file "Prob1.c"
 Parameters:    Size  Location     Type
		None
 Auto vars:     Size  Location     Type
		None
 Return value:  Size  Location     Type
                  1    wreg      void 
 Registers used:
		None
 Tracked objects:
		On entry : 
		On exit  : 
		Unchanged: 
 Data sizes:     COMRAM   BANK0   BANK1   BANK2   BANK3   BANK4   BANK5
      Params:         0       0       0       0       0       0       0
      Locals:         0       0       0       0       0       0       0
      Temps:          0       0       0       0       0       0       0
      Totals:         0       0       0       0       0       0       0
Total ram usage:        0 bytes
 Hardware stack levels used:    1
 Hardware stack levels required when called:    6
 This function calls:
		Nothing
 This function is called by:
		_main
 This function uses a non-reentrant model


 *************** function _Lo_ISR *****************
 Defined at:
		line 265 in file "Prob1.c"
 Parameters:    Size  Location     Type
		None
 Auto vars:     Size  Location     Type
  temp            4   65[COMRAM] float 
 Return value:  Size  Location     Type
                  1    wreg      void 
 Registers used:
		wreg, fsr2l, fsr2h, status,2, status,0, tblptrl, tblptrh, tblptru, prodl, prodh, cstack
 Tracked objects:
		On entry : 
		On exit  : 
		Unchanged: 
 Data sizes:     COMRAM   BANK0   BANK1   BANK2   BANK3   BANK4   BANK5
      Params:         0       0       0       0       0       0       0
      Locals:         6       0       0       0       0       0       0
      Temps:         12       0       0       0       0       0       0
      Totals:        18       0       0       0       0       0       0
Total ram usage:       18 bytes
 Hardware stack levels used:    1
 Hardware stack levels required when called:    5
 This function calls:
		_MyusartRead
		___lwdiv
		___wmul
		___xxtofl
		i1_strstr
 This function is called by:
		Interrupt level 1
 This function uses a non-reentrant model


 *************** function i1_strstr *****************
 Defined at:
		line 143 in file "C:\Program Files (x86)\Microchip\xc8\v2.00\pic\sources\c99\common\strstr.c"
 Parameters:    Size  Location     Type
  h               2   39[COMRAM] PTR const unsigned char 
		 -> NULL(0), mystring(10), 
  n               2   41[COMRAM] PTR const unsigned char 
		 -> STR_4(2), STR_3(2), STR_2(6), STR_1(7), 
 Auto vars:     Size  Location     Type
  strstr          2   43[COMRAM] unsigned int 
 Return value:  Size  Location     Type
                  2   39[COMRAM] PTR unsigned char 
 Registers used:
		wreg, fsr2l, fsr2h, status,2, status,0, tblptrl, tblptrh, tblptru, cstack
 Tracked objects:
		On entry : 
		On exit  : 
		Unchanged: 
 Data sizes:     COMRAM   BANK0   BANK1   BANK2   BANK3   BANK4   BANK5
      Params:         4       0       0       0       0       0       0
      Locals:         2       0       0       0       0       0       0
      Temps:          0       0       0       0       0       0       0
      Totals:         6       0       0       0       0       0       0
Total ram usage:        6 bytes
 Hardware stack levels used:    1
 Hardware stack levels required when called:    4
 This function calls:
		i1_strchr
		i1_strlen
		i1_strncmp
 This function is called by:
		_Lo_ISR
 This function uses a non-reentrant model


 *************** function i1_strncmp *****************
 Defined at:
		line 3 in file "C:\Program Files (x86)\Microchip\xc8\v2.00\pic\sources\c99\common\strncmp.c"
 Parameters:    Size  Location     Type
  _l              2   26[COMRAM] PTR const unsigned char 
		 -> NULL(0), mystring(10), 
  _r              2   28[COMRAM] PTR const unsigned char 
		 -> STR_4(2), STR_3(2), STR_2(6), STR_1(7), 
  n               2   30[COMRAM] unsigned int 
 Auto vars:     Size  Location     Type
  strncmp         2   37[COMRAM] PTR const unsigned char 
		 -> STR_4(2), STR_3(2), STR_2(6), STR_1(7), 
  strncmp         2   35[COMRAM] PTR const unsigned char 
		 -> NULL(0), mystring(10), 
 Return value:  Size  Location     Type
                  2   26[COMRAM] int 
 Registers used:
		wreg, fsr2l, fsr2h, status,2, status,0, tblptrl, tblptrh, tblptru
 Tracked objects:
		On entry : 
		On exit  : 
		Unchanged: 
 Data sizes:     COMRAM   BANK0   BANK1   BANK2   BANK3   BANK4   BANK5
      Params:         6       0       0       0       0       0       0
      Locals:         4       0       0       0       0       0       0
      Temps:          3       0       0       0       0       0       0
      Totals:        13       0       0       0       0       0       0
Total ram usage:       13 bytes
 Hardware stack levels used:    1
 Hardware stack levels required when called:    3
 This function calls:
		Nothing
 This function is called by:
		i1_strstr
 This function uses a non-reentrant model


 *************** function i1_strlen *****************
 Defined at:
		line 12 in file "C:\Program Files (x86)\Microchip\xc8\v2.00\pic\sources\c99\common\strlen.c"
 Parameters:    Size  Location     Type
  s               2   26[COMRAM] PTR const unsigned char 
		 -> STR_4(2), STR_3(2), STR_2(6), STR_1(7), 
 Auto vars:     Size  Location     Type
  strlen          2   30[COMRAM] PTR const unsigned char 
		 -> STR_4(2), STR_3(2), STR_2(6), STR_1(7), 
 Return value:  Size  Location     Type
                  2   26[COMRAM] unsigned int 
 Registers used:
		wreg, status,2, status,0, tblptrl, tblptrh, tblptru
 Tracked objects:
		On entry : 
		On exit  : 
		Unchanged: 
 Data sizes:     COMRAM   BANK0   BANK1   BANK2   BANK3   BANK4   BANK5
      Params:         2       0       0       0       0       0       0
      Locals:         2       0       0       0       0       0       0
      Temps:          2       0       0       0       0       0       0
      Totals:         6       0       0       0       0       0       0
Total ram usage:        6 bytes
 Hardware stack levels used:    1
 Hardware stack levels required when called:    3
 This function calls:
		Nothing
 This function is called by:
		i1_strstr
 This function uses a non-reentrant model


 *************** function i1_strchr *****************
 Defined at:
		line 7 in file "C:\Program Files (x86)\Microchip\xc8\v2.00\pic\sources\c99\common\strchr.c"
 Parameters:    Size  Location     Type
  s               2   26[COMRAM] PTR const unsigned char 
		 -> NULL(0), mystring(10), 
  c               2   28[COMRAM] int 
 Auto vars:     Size  Location     Type
		None
 Return value:  Size  Location     Type
                  2   26[COMRAM] PTR unsigned char 
 Registers used:
		wreg, fsr2l, fsr2h, status,2, status,0
 Tracked objects:
		On entry : 
		On exit  : 
		Unchanged: 
 Data sizes:     COMRAM   BANK0   BANK1   BANK2   BANK3   BANK4   BANK5
      Params:         4       0       0       0       0       0       0
      Locals:         0       0       0       0       0       0       0
      Temps:          1       0       0       0       0       0       0
      Totals:         5       0       0       0       0       0       0
Total ram usage:        5 bytes
 Hardware stack levels used:    1
 Hardware stack levels required when called:    3
 This function calls:
		Nothing
 This function is called by:
		i1_strstr
 This function uses a non-reentrant model


 *************** function ___xxtofl *****************
 Defined at:
		line 10 in file "C:\Program Files (x86)\Microchip\xc8\v2.00\pic\sources\c99\common\xxtofl.c"
 Parameters:    Size  Location     Type
  sign            1    wreg     unsigned char 
  val             4   39[COMRAM] long 
 Auto vars:     Size  Location     Type
  sign            1   47[COMRAM] unsigned char 
  arg             4   49[COMRAM] unsigned long 
  exp             1   48[COMRAM] unsigned char 
 Return value:  Size  Location     Type
                  4   39[COMRAM] unsigned char 
 Registers used:
		wreg, status,2, status,0
 Tracked objects:
		On entry : 
		On exit  : 
		Unchanged: 
 Data sizes:     COMRAM   BANK0   BANK1   BANK2   BANK3   BANK4   BANK5
      Params:         4       0       0       0       0       0       0
      Locals:         6       0       0       0       0       0       0
      Temps:          4       0       0       0       0       0       0
      Totals:        14       0       0       0       0       0       0
Total ram usage:       14 bytes
 Hardware stack levels used:    1
 Hardware stack levels required when called:    3
 This function calls:
		Nothing
 This function is called by:
		_Lo_ISR
 This function uses a non-reentrant model


 *************** function ___wmul *****************
 Defined at:
		line 15 in file "C:\Program Files (x86)\Microchip\xc8\v2.00\pic\sources\c99\common\Umul16.c"
 Parameters:    Size  Location     Type
  multiplier      2   26[COMRAM] unsigned int 
  multiplicand    2   28[COMRAM] unsigned int 
 Auto vars:     Size  Location     Type
  product         2   30[COMRAM] unsigned int 
 Return value:  Size  Location     Type
                  2   26[COMRAM] unsigned int 
 Registers used:
		wreg, status,2, status,0, prodl, prodh
 Tracked objects:
		On entry : 
		On exit  : 
		Unchanged: 
 Data sizes:     COMRAM   BANK0   BANK1   BANK2   BANK3   BANK4   BANK5
      Params:         4       0       0       0       0       0       0
      Locals:         2       0       0       0       0       0       0
      Temps:          0       0       0       0       0       0       0
      Totals:         6       0       0       0       0       0       0
Total ram usage:        6 bytes
 Hardware stack levels used:    1
 Hardware stack levels required when called:    3
 This function calls:
		Nothing
 This function is called by:
		_Lo_ISR
 This function uses a non-reentrant model


 *************** function ___lwdiv *****************
 Defined at:
		line 7 in file "C:\Program Files (x86)\Microchip\xc8\v2.00\pic\sources\c99\common\lwdiv.c"
 Parameters:    Size  Location     Type
  dividend        2   32[COMRAM] unsigned int 
  divisor         2   34[COMRAM] unsigned int 
 Auto vars:     Size  Location     Type
  quotient        2   36[COMRAM] unsigned int 
  counter         1   38[COMRAM] unsigned char 
 Return value:  Size  Location     Type
                  2   32[COMRAM] unsigned int 
 Registers used:
		wreg, status,2, status,0
 Tracked objects:
		On entry : 
		On exit  : 
		Unchanged: 
 Data sizes:     COMRAM   BANK0   BANK1   BANK2   BANK3   BANK4   BANK5
      Params:         4       0       0       0       0       0       0
      Locals:         3       0       0       0       0       0       0
      Temps:          0       0       0       0       0       0       0
      Totals:         7       0       0       0       0       0       0
Total ram usage:        7 bytes
 Hardware stack levels used:    1
 Hardware stack levels required when called:    3
 This function calls:
		Nothing
 This function is called by:
		_Lo_ISR
 This function uses a non-reentrant model


 *************** function _MyusartRead *****************
 Defined at:
		line 250 in file "Prob1.c"
 Parameters:    Size  Location     Type
		None
 Auto vars:     Size  Location     Type
		None
 Return value:  Size  Location     Type
                  1    wreg      void 
 Registers used:
		wreg, fsr2l, fsr2h, status,2, status,0, cstack
 Tracked objects:
		On entry : 
		On exit  : 
		Unchanged: 
 Data sizes:     COMRAM   BANK0   BANK1   BANK2   BANK3   BANK4   BANK5
      Params:         0       0       0       0       0       0       0
      Locals:         0       0       0       0       0       0       0
      Temps:          0       0       0       0       0       0       0
      Totals:         0       0       0       0       0       0       0
Total ram usage:        0 bytes
 Hardware stack levels used:    1
 Hardware stack levels required when called:    4
 This function calls:
		_UART_Write
		___awmod
 This function is called by:
		_Lo_ISR
 This function uses a non-reentrant model


 *************** function ___awmod *****************
 Defined at:
		line 7 in file "C:\Program Files (x86)\Microchip\xc8\v2.00\pic\sources\c99\common\awmod.c"
 Parameters:    Size  Location     Type
  dividend        2   26[COMRAM] int 
  divisor         2   28[COMRAM] int 
 Auto vars:     Size  Location     Type
  sign            1   31[COMRAM] unsigned char 
  counter         1   30[COMRAM] unsigned char 
 Return value:  Size  Location     Type
                  2   26[COMRAM] int 
 Registers used:
		wreg, status,2, status,0
 Tracked objects:
		On entry : 
		On exit  : 
		Unchanged: 
 Data sizes:     COMRAM   BANK0   BANK1   BANK2   BANK3   BANK4   BANK5
      Params:         4       0       0       0       0       0       0
      Locals:         2       0       0       0       0       0       0
      Temps:          0       0       0       0       0       0       0
      Totals:         6       0       0       0       0       0       0
Total ram usage:        6 bytes
 Hardware stack levels used:    1
 Hardware stack levels required when called:    3
 This function calls:
		Nothing
 This function is called by:
		_MyusartRead
 This function uses a non-reentrant model


 *************** function _UART_Write *****************
 Defined at:
		line 233 in file "Prob1.c"
 Parameters:    Size  Location     Type
  data            1    wreg     unsigned char 
 Auto vars:     Size  Location     Type
  data            1   26[COMRAM] unsigned char 
 Return value:  Size  Location     Type
                  1    wreg      void 
 Registers used:
		wreg
 Tracked objects:
		On entry : 
		On exit  : 
		Unchanged: 
 Data sizes:     COMRAM   BANK0   BANK1   BANK2   BANK3   BANK4   BANK5
      Params:         0       0       0       0       0       0       0
      Locals:         1       0       0       0       0       0       0
      Temps:          0       0       0       0       0       0       0
      Totals:         1       0       0       0       0       0       0
Total ram usage:        1 bytes
 Hardware stack levels used:    1
 Hardware stack levels required when called:    3
 This function calls:
		Nothing
 This function is called by:
		_MyusartRead
		_UART_Write_Text
 This function uses a non-reentrant model


 *************** function _Hi_ISR *****************
 Defined at:
		line 160 in file "Prob1.c"
 Parameters:    Size  Location     Type
		None
 Auto vars:     Size  Location     Type
		None
 Return value:  Size  Location     Type
                  1    wreg      void 
 Registers used:
		wreg, fsr2l, fsr2h, status,2, status,0, tblptrl, tblptrh, tblptru, cstack
 Tracked objects:
		On entry : 
		On exit  : 
		Unchanged: 
 Data sizes:     COMRAM   BANK0   BANK1   BANK2   BANK3   BANK4   BANK5
      Params:         0       0       0       0       0       0       0
      Locals:         0       0       0       0       0       0       0
      Temps:          7       0       0       0       0       0       0
      Totals:         7       0       0       0       0       0       0
Total ram usage:        7 bytes
 Hardware stack levels used:    1
 Hardware stack levels required when called:    2
 This function calls:
		i2_strstr
 This function is called by:
		Interrupt level 2
 This function uses a non-reentrant model


 *************** function i2_strstr *****************
 Defined at:
		line 143 in file "C:\Program Files (x86)\Microchip\xc8\v2.00\pic\sources\c99\common\strstr.c"
 Parameters:    Size  Location     Type
  h               2   13[COMRAM] PTR const unsigned char 
		 -> NULL(0), mystring(10), 
  n               2   15[COMRAM] PTR const unsigned char 
		 -> STR_4(2), STR_3(2), STR_2(6), STR_1(7), 
 Auto vars:     Size  Location     Type
  strstr          2   17[COMRAM] unsigned int 
 Return value:  Size  Location     Type
                  2   13[COMRAM] PTR unsigned char 
 Registers used:
		wreg, fsr2l, fsr2h, status,2, status,0, tblptrl, tblptrh, tblptru, cstack
 Tracked objects:
		On entry : 
		On exit  : 
		Unchanged: 
 Data sizes:     COMRAM   BANK0   BANK1   BANK2   BANK3   BANK4   BANK5
      Params:         4       0       0       0       0       0       0
      Locals:         2       0       0       0       0       0       0
      Temps:          0       0       0       0       0       0       0
      Totals:         6       0       0       0       0       0       0
Total ram usage:        6 bytes
 Hardware stack levels used:    1
 Hardware stack levels required when called:    1
 This function calls:
		i2_strchr
		i2_strlen
		i2_strncmp
 This function is called by:
		_Hi_ISR
 This function uses a non-reentrant model


 *************** function i2_strncmp *****************
 Defined at:
		line 3 in file "C:\Program Files (x86)\Microchip\xc8\v2.00\pic\sources\c99\common\strncmp.c"
 Parameters:    Size  Location     Type
  _l              2    0[COMRAM] PTR const unsigned char 
		 -> NULL(0), mystring(10), 
  _r              2    2[COMRAM] PTR const unsigned char 
		 -> STR_4(2), STR_3(2), STR_2(6), STR_1(7), 
  n               2    4[COMRAM] unsigned int 
 Auto vars:     Size  Location     Type
  strncmp         2   11[COMRAM] PTR const unsigned char 
		 -> STR_4(2), STR_3(2), STR_2(6), STR_1(7), 
  strncmp         2    9[COMRAM] PTR const unsigned char 
		 -> NULL(0), mystring(10), 
 Return value:  Size  Location     Type
                  2    0[COMRAM] int 
 Registers used:
		wreg, fsr2l, fsr2h, status,2, status,0, tblptrl, tblptrh, tblptru
 Tracked objects:
		On entry : 
		On exit  : 
		Unchanged: 
 Data sizes:     COMRAM   BANK0   BANK1   BANK2   BANK3   BANK4   BANK5
      Params:         6       0       0       0       0       0       0
      Locals:         4       0       0       0       0       0       0
      Temps:          3       0       0       0       0       0       0
      Totals:        13       0       0       0       0       0       0
Total ram usage:       13 bytes
 Hardware stack levels used:    1
 This function calls:
		Nothing
 This function is called by:
		i2_strstr
 This function uses a non-reentrant model


 *************** function i2_strlen *****************
 Defined at:
		line 12 in file "C:\Program Files (x86)\Microchip\xc8\v2.00\pic\sources\c99\common\strlen.c"
 Parameters:    Size  Location     Type
  s               2    0[COMRAM] PTR const unsigned char 
		 -> STR_4(2), STR_3(2), STR_2(6), STR_1(7), 
 Auto vars:     Size  Location     Type
  strlen          2    4[COMRAM] PTR const unsigned char 
		 -> STR_4(2), STR_3(2), STR_2(6), STR_1(7), 
 Return value:  Size  Location     Type
                  2    0[COMRAM] unsigned int 
 Registers used:
		wreg, status,2, status,0, tblptrl, tblptrh, tblptru
 Tracked objects:
		On entry : 
		On exit  : 
		Unchanged: 
 Data sizes:     COMRAM   BANK0   BANK1   BANK2   BANK3   BANK4   BANK5
      Params:         2       0       0       0       0       0       0
      Locals:         2       0       0       0       0       0       0
      Temps:          2       0       0       0       0       0       0
      Totals:         6       0       0       0       0       0       0
Total ram usage:        6 bytes
 Hardware stack levels used:    1
 This function calls:
		Nothing
 This function is called by:
		i2_strstr
 This function uses a non-reentrant model


 *************** function i2_strchr *****************
 Defined at:
		line 7 in file "C:\Program Files (x86)\Microchip\xc8\v2.00\pic\sources\c99\common\strchr.c"
 Parameters:    Size  Location     Type
  s               2    0[COMRAM] PTR const unsigned char 
		 -> NULL(0), mystring(10), 
  c               2    2[COMRAM] int 
 Auto vars:     Size  Location     Type
		None
 Return value:  Size  Location     Type
                  2    0[COMRAM] PTR unsigned char 
 Registers used:
		wreg, fsr2l, fsr2h, status,2, status,0
 Tracked objects:
		On entry : 
		On exit  : 
		Unchanged: 
 Data sizes:     COMRAM   BANK0   BANK1   BANK2   BANK3   BANK4   BANK5
      Params:         4       0       0       0       0       0       0
      Locals:         0       0       0       0       0       0       0
      Temps:          1       0       0       0       0       0       0
      Totals:         5       0       0       0       0       0       0
Total ram usage:        5 bytes
 Hardware stack levels used:    1
 This function calls:
		Nothing
 This function is called by:
		i2_strstr
 This function uses a non-reentrant model



MODULE INFORMATION

Module		Function		Class		Link	Load	Size
C:\Program Files (x86)\Microchip\xc8\v2.00\pic\sources\c99\common\strncmp.c
		_strncmp       		CODE           	091A	0000	255

C:\Program Files (x86)\Microchip\xc8\v2.00\pic\sources\c99\common\strncmp.c estimated size: 255

C:\Program Files (x86)\Microchip\xc8\v2.00\pic\sources\c99\common\xxtofl.c
		___xxtofl      		CODE           	0612	0000	477

C:\Program Files (x86)\Microchip\xc8\v2.00\pic\sources\c99\common\xxtofl.c estimated size: 477

C:\Program Files (x86)\Microchip\xc8\v2.00\pic\sources\c99\common\awmod.c
		___awmod       		CODE           	0DC6	0000	217

C:\Program Files (x86)\Microchip\xc8\v2.00\pic\sources\c99\common\awmod.c estimated size: 217

C:\Program Files (x86)\Microchip\xc8\v2.00\pic\sources\c99\common\strlen.c
		_strlen        		CODE           	120C	0000	91

C:\Program Files (x86)\Microchip\xc8\v2.00\pic\sources\c99\common\strlen.c estimated size: 91

C:\Program Files (x86)\Microchip\xc8\v2.00\pic\sources\c99\common\strchr.c
		_strchr        		CODE           	1266	0000	91

C:\Program Files (x86)\Microchip\xc8\v2.00\pic\sources\c99\common\strchr.c estimated size: 91

C:\Program Files (x86)\Microchip\xc8\v2.00\pic\sources\c99\common\lwdiv.c
		___lwdiv       		CODE           	10B6	0000	137

C:\Program Files (x86)\Microchip\xc8\v2.00\pic\sources\c99\common\lwdiv.c estimated size: 137

shared
		i1_strncmp     		CODE           	0A18	0000	253
		i2_strncmp     		CODE           	0B14	0000	253
		__initialization		CODE           	11AA	0000	81
		i1_strstr      		CODE           	0CEE	0000	217
		i2_strstr      		CODE           	0E9E	0000	217
		i1_strchr      		CODE           	12C0	0000	89
		i2_strchr      		CODE           	1318	0000	89
		i1_strlen      		CODE           	1370	0000	87
		i2_strlen      		CODE           	13C6	0000	87

shared estimated size: 1373

C:\Program Files (x86)\Microchip\xc8\v2.00\pic\sources\c99\common\strstr.c
		_strstr        		CODE           	0C10	0000	223

C:\Program Files (x86)\Microchip\xc8\v2.00\pic\sources\c99\common\strstr.c estimated size: 223

C:\Program Files (x86)\Microchip\xc8\v2.00\pic\sources\c99\common\Umul16.c
		___wmul        		CODE           	14DA	0000	43

C:\Program Files (x86)\Microchip\xc8\v2.00\pic\sources\c99\common\Umul16.c estimated size: 43

Prob1.c
		_ModeBlink     		CODE           	0F76	0000	177
		_LED_Init      		CODE           	14A2	0000	57
		_Lo_ISR        		CODE           	0018	0000	483
		_MyusartRead   		CODE           	141C	0000	73
		_main          		CODE           	1026	0000	145
		_INTERRUPT_Initialize		CODE           	154E	0000	9
		_ModeBreath    		CODE           	1544	0000	11
		_ClearBuffer   		CODE           	113E	0000	109
		_UART_Initialize		CODE           	1504	0000	35
		_UART_Write    		CODE           	1526	0000	31
		_Hi_ISR        		CODE           	0008	0000	307

Prob1.c estimated size: 1437

