MPLINK 5.09, LINKER
Linker Map File - Created Mon Nov 19 21:23:59 2018

                                 Section Info
                  Section       Type    Address   Location Size(Bytes)
                ---------  ---------  ---------  ---------  ---------
                   .org_0       code   0x000000    program   0x000002
                   .cinit    romdata   0x000002    program   0x000002
                   .org_1       code   0x000008    program   0x0001f2
.config_300001_BUILD/DEFAULT/DEBUG/MID_TEST.O    romdata   0x300001    program   0x000001
.config_300002_BUILD/DEFAULT/DEBUG/MID_TEST.O    romdata   0x300002    program   0x000001
.config_300003_BUILD/DEFAULT/DEBUG/MID_TEST.O    romdata   0x300003    program   0x000001
.config_300005_BUILD/DEFAULT/DEBUG/MID_TEST.O    romdata   0x300005    program   0x000001
.config_300006_BUILD/DEFAULT/DEBUG/MID_TEST.O    romdata   0x300006    program   0x000001
.config_300008_BUILD/DEFAULT/DEBUG/MID_TEST.O    romdata   0x300008    program   0x000001
.config_300009_BUILD/DEFAULT/DEBUG/MID_TEST.O    romdata   0x300009    program   0x000001
.config_30000A_BUILD/DEFAULT/DEBUG/MID_TEST.O    romdata   0x30000a    program   0x000001
.config_30000B_BUILD/DEFAULT/DEBUG/MID_TEST.O    romdata   0x30000b    program   0x000001
.config_30000C_BUILD/DEFAULT/DEBUG/MID_TEST.O    romdata   0x30000c    program   0x000001
.config_30000D_BUILD/DEFAULT/DEBUG/MID_TEST.O    romdata   0x30000d    program   0x000001



                              Program Memory Usage 
                               Start         End      
                           ---------   ---------      
                            0x000000    0x000003      
                            0x000008    0x0001f9      
                            0x300001    0x300003      
                            0x300005    0x300006      
                            0x300008    0x30000d      
            513 out of 33048 program addresses used, program memory utilization is 1%



                              Symbols - Sorted by Name
                     Name    Address   Location    Storage File                     
                ---------  ---------  ---------  --------- ---------                
                   Divide   0x000044    program     static C:\Users\febri\MPLABXProjects\MID_test.X\mid_test.asm
                     Init   0x00000a    program     static C:\Users\febri\MPLABXProjects\MID_test.X\mid_test.asm
                 Transfer   0x00008a    program     static C:\Users\febri\MPLABXProjects\MID_test.X\mid_test.asm
                 _10LOOP1   0x000190    program     static C:\Users\febri\MPLABXProjects\MID_test.X\mid_test.asm
                 _10LOOP2   0x00018c    program     static C:\Users\febri\MPLABXProjects\MID_test.X\mid_test.asm
                 _11LOOP1   0x0001ae    program     static C:\Users\febri\MPLABXProjects\MID_test.X\mid_test.asm
                 _11LOOP2   0x0001aa    program     static C:\Users\febri\MPLABXProjects\MID_test.X\mid_test.asm
                 _12LOOP1   0x0001ce    program     static C:\Users\febri\MPLABXProjects\MID_test.X\mid_test.asm
                 _12LOOP2   0x0001ca    program     static C:\Users\febri\MPLABXProjects\MID_test.X\mid_test.asm
                  _5LOOP1   0x0000f0    program     static C:\Users\febri\MPLABXProjects\MID_test.X\mid_test.asm
                  _5LOOP2   0x0000ec    program     static C:\Users\febri\MPLABXProjects\MID_test.X\mid_test.asm
                  _6LOOP1   0x000110    program     static C:\Users\febri\MPLABXProjects\MID_test.X\mid_test.asm
                  _6LOOP2   0x00010c    program     static C:\Users\febri\MPLABXProjects\MID_test.X\mid_test.asm
                  _7LOOP1   0x00012e    program     static C:\Users\febri\MPLABXProjects\MID_test.X\mid_test.asm
                  _7LOOP2   0x00012a    program     static C:\Users\febri\MPLABXProjects\MID_test.X\mid_test.asm
                  _8LOOP1   0x00014e    program     static C:\Users\febri\MPLABXProjects\MID_test.X\mid_test.asm
                  _8LOOP2   0x00014a    program     static C:\Users\febri\MPLABXProjects\MID_test.X\mid_test.asm
                  _9LOOP1   0x000170    program     static C:\Users\febri\MPLABXProjects\MID_test.X\mid_test.asm
                  _9LOOP2   0x00016c    program     static C:\Users\febri\MPLABXProjects\MID_test.X\mid_test.asm
                      isr   0x0001e6    program     static C:\Users\febri\MPLABXProjects\MID_test.X\mid_test.asm
                     loop   0x000058    program     static C:\Users\febri\MPLABXProjects\MID_test.X\mid_test.asm
                 mainLoop   0x0000dc    program     static C:\Users\febri\MPLABXProjects\MID_test.X\mid_test.asm
                     next   0x00007e    program     static C:\Users\febri\MPLABXProjects\MID_test.X\mid_test.asm
                  q_blink   0x0000e6    program     static C:\Users\febri\MPLABXProjects\MID_test.X\mid_test.asm
             quotient_neg   0x00006e    program     static C:\Users\febri\MPLABXProjects\MID_test.X\mid_test.asm
                  r_blink   0x000166    program     static C:\Users\febri\MPLABXProjects\MID_test.X\mid_test.asm
                 testBtn2   0x0001f2    program     static C:\Users\febri\MPLABXProjects\MID_test.X\mid_test.asm



                              Symbols - Sorted by Address
                     Name    Address   Location    Storage File                     
                ---------  ---------  ---------  --------- ---------                
                     Init   0x00000a    program     static C:\Users\febri\MPLABXProjects\MID_test.X\mid_test.asm
                   Divide   0x000044    program     static C:\Users\febri\MPLABXProjects\MID_test.X\mid_test.asm
                     loop   0x000058    program     static C:\Users\febri\MPLABXProjects\MID_test.X\mid_test.asm
             quotient_neg   0x00006e    program     static C:\Users\febri\MPLABXProjects\MID_test.X\mid_test.asm
                     next   0x00007e    program     static C:\Users\febri\MPLABXProjects\MID_test.X\mid_test.asm
                 Transfer   0x00008a    program     static C:\Users\febri\MPLABXProjects\MID_test.X\mid_test.asm
                 mainLoop   0x0000dc    program     static C:\Users\febri\MPLABXProjects\MID_test.X\mid_test.asm
                  q_blink   0x0000e6    program     static C:\Users\febri\MPLABXProjects\MID_test.X\mid_test.asm
                  _5LOOP2   0x0000ec    program     static C:\Users\febri\MPLABXProjects\MID_test.X\mid_test.asm
                  _5LOOP1   0x0000f0    program     static C:\Users\febri\MPLABXProjects\MID_test.X\mid_test.asm
                  _6LOOP2   0x00010c    program     static C:\Users\febri\MPLABXProjects\MID_test.X\mid_test.asm
                  _6LOOP1   0x000110    program     static C:\Users\febri\MPLABXProjects\MID_test.X\mid_test.asm
                  _7LOOP2   0x00012a    program     static C:\Users\febri\MPLABXProjects\MID_test.X\mid_test.asm
                  _7LOOP1   0x00012e    program     static C:\Users\febri\MPLABXProjects\MID_test.X\mid_test.asm
                  _8LOOP2   0x00014a    program     static C:\Users\febri\MPLABXProjects\MID_test.X\mid_test.asm
                  _8LOOP1   0x00014e    program     static C:\Users\febri\MPLABXProjects\MID_test.X\mid_test.asm
                  r_blink   0x000166    program     static C:\Users\febri\MPLABXProjects\MID_test.X\mid_test.asm
                  _9LOOP2   0x00016c    program     static C:\Users\febri\MPLABXProjects\MID_test.X\mid_test.asm
                  _9LOOP1   0x000170    program     static C:\Users\febri\MPLABXProjects\MID_test.X\mid_test.asm
                 _10LOOP2   0x00018c    program     static C:\Users\febri\MPLABXProjects\MID_test.X\mid_test.asm
                 _10LOOP1   0x000190    program     static C:\Users\febri\MPLABXProjects\MID_test.X\mid_test.asm
                 _11LOOP2   0x0001aa    program     static C:\Users\febri\MPLABXProjects\MID_test.X\mid_test.asm
                 _11LOOP1   0x0001ae    program     static C:\Users\febri\MPLABXProjects\MID_test.X\mid_test.asm
                 _12LOOP2   0x0001ca    program     static C:\Users\febri\MPLABXProjects\MID_test.X\mid_test.asm
                 _12LOOP1   0x0001ce    program     static C:\Users\febri\MPLABXProjects\MID_test.X\mid_test.asm
                      isr   0x0001e6    program     static C:\Users\febri\MPLABXProjects\MID_test.X\mid_test.asm
                 testBtn2   0x0001f2    program     static C:\Users\febri\MPLABXProjects\MID_test.X\mid_test.asm


